<html>
<body>
<pre>
<h1>µVision Build Log</h1>
<h2>Tool Versions:</h2>
IDE-Version: µVision V5.29.0.0
Copyright (C) 2019 ARM Ltd and ARM Germany GmbH. All rights reserved.
License Information: thang tran minh, devn, LIC=----
 
Tool Versions:
Toolchain:       MDK-Lite  Version: 5.29.0.0
Toolchain Path:  C:\Keil_v5\ARM\ARMCC\Bin
C Compiler:      Armcc.exe V5.06 update 6 (build 750)
Assembler:       Armasm.exe V5.06 update 6 (build 750)
Linker/Locator:  ArmLink.exe V5.06 update 6 (build 750)
Library Manager: ArmAr.exe V5.06 update 6 (build 750)
Hex Converter:   FromElf.exe V5.06 update 6 (build 750)
CPU DLL:         SARMCM3.DLL V5.29.0.0
Dialog DLL:      DCM.DLL V1.17.3.0
Target DLL:      STLink\ST-LINKIII-KEIL_SWO.dll V3.0.7.0
Dialog DLL:      TCM.DLL V1.36.5.0
 
<h2>Project:</h2>
C:\Users\Minh Thang\Google Drive\Embedded Code\KEYPAD_74HC164\MDK-ARM\KEYPAD_74HC164.uvprojx
Project File Date:  03/29/2020

<h2>Output:</h2>
*** Using Compiler 'V5.06 update 6 (build 750)', folder: 'C:\Keil_v5\ARM\ARMCC\Bin'
Build target 'KEYPAD_74HC164'
compiling main.c...
../Inc/dwt_delay.h(33): warning:  #1-D: last line of file ends without a newline
  #endif /* INC_DWT_DELAY_DWT_DELAY_H_ */
../Src/main.c(78): warning:  #188-D: enumerated type mixed with another type
  	HAL_GPIO_WritePin(clock_74hc164_GPIO_Port,clock_74hc164_Pin,1);
../Src/main.c(80): warning:  #188-D: enumerated type mixed with another type
  	HAL_GPIO_WritePin(clock_74hc164_GPIO_Port,clock_74hc164_Pin,0);
../Src/main.c(90): warning:  #188-D: enumerated type mixed with another type
  			ShiftBit(1);
../Src/main.c(92): warning:  #188-D: enumerated type mixed with another type
  			ShiftBit(0);
../Src/main.c(100): warning:  #188-D: enumerated type mixed with another type
  	ShiftBit(0);
../Src/main.c(112): warning:  #188-D: enumerated type mixed with another type
  	ShiftBit(1);
../Src/main.c(124): warning:  #188-D: enumerated type mixed with another type
  	ShiftBit(1);
../Src/main.c(136): warning:  #188-D: enumerated type mixed with another type
  	ShiftBit(1);
../Src/main.c(148): warning:  #188-D: enumerated type mixed with another type
  	ShiftBit(1);
../Src/main.c(160): warning:  #188-D: enumerated type mixed with another type
  	ShiftBit(1);
../Src/main.c(172): warning:  #188-D: enumerated type mixed with another type
  	ShiftBit(1);
../Src/main.c(184): warning:  #188-D: enumerated type mixed with another type
  	ShiftBit(1);
../Src/main.c: 13 warnings, 0 errors
linking...
Program Size: Code=3796 RO-data=284 RW-data=24 ZI-data=1024  
"KEYPAD_74HC164\KEYPAD_74HC164.axf" - 0 Error(s), 13 Warning(s).

<h2>Software Packages used:</h2>

Package Vendor: ARM
                http://www.keil.com/pack/ARM.CMSIS.5.6.0.pack
                ARM.CMSIS.5.6.0
                CMSIS (Cortex Microcontroller Software Interface Standard)
   * Component: CORE Version: 5.3.0

Package Vendor: Keil
                http://www.keil.com/pack/Keil.STM32F1xx_DFP.2.3.0.pack
                Keil.STM32F1xx_DFP.2.3.0
                STMicroelectronics STM32F1 Series Device Support, Drivers and Examples

<h2>Collection of Component include folders:</h2>
  .\RTE\_KEYPAD_74HC164
  C:\Users\Minh Thang\AppData\Local\Arm\Packs\ARM\CMSIS\5.6.0\CMSIS\Core\Include
  C:\Users\Minh Thang\AppData\Local\Arm\Packs\Keil\STM32F1xx_DFP\2.3.0\Device\Include

<h2>Collection of Component Files used:</h2>

   * Component: ARM::CMSIS:CORE:5.3.0
Build Time Elapsed:  00:00:01
</pre>
</body>
</html>
