<html>
<body>
<pre>
<h1>µVision Build Log</h1>
<h2>Tool Versions:</h2>
IDE-Version: µVision V5.26.2.0
Copyright (C) 2018 ARM Ltd and ARM Germany GmbH. All rights reserved.
License Information: thang tran minh, rtv, LIC=----
 
Tool Versions:
Toolchain:       MDK-Lite  Version: 5.26.2.0
Toolchain Path:  C:\Keil_v5\ARM\ARMCC\Bin
C Compiler:      Armcc.exe V5.06 update 6 (build 750)
Assembler:       Armasm.exe V5.06 update 6 (build 750)
Linker/Locator:  ArmLink.exe V5.06 update 6 (build 750)
Library Manager: ArmAr.exe V5.06 update 6 (build 750)
Hex Converter:   FromElf.exe V5.06 update 6 (build 750)
CPU DLL:         SARMCM3.DLL V5.26.2.0
Dialog DLL:      DCM.DLL V1.17.2.0
Target DLL:      STLink\ST-LINKIII-KEIL_SWO.dll V3.0.5.0
Dialog DLL:      TCM.DLL V1.36.1.0
 
<h2>Project:</h2>
C:\Users\Minh Thang\Desktop\Only_1_Timer\MDK-ARM\Only_1_Timer.uvprojx
Project File Date:  09/20/2019

<h2>Output:</h2>
*** Using Compiler 'V5.06 update 6 (build 750)', folder: 'C:\Keil_v5\ARM\ARMCC\Bin'
Build target 'Only_1_Timer'
compiling main.c...
../Src/main.c(617): warning:  #188-D: enumerated type mixed with another type
      HAL_GPIO_WritePin(out1a_GPIO_Port, out1a_Pin, 1);
../Src/main.c(625): warning:  #188-D: enumerated type mixed with another type
      HAL_GPIO_WritePin(out1a_GPIO_Port, out1a_Pin, 0);
../Src/main.c(633): warning:  #188-D: enumerated type mixed with another type
      HAL_GPIO_WritePin(out2a_GPIO_Port, out2a_Pin, 1);
../Src/main.c(641): warning:  #188-D: enumerated type mixed with another type
      HAL_GPIO_WritePin(out2a_GPIO_Port, out2a_Pin, 0);
../Src/main.c(649): warning:  #188-D: enumerated type mixed with another type
      HAL_GPIO_WritePin(out3a_GPIO_Port, out3a_Pin, 1);
../Src/main.c(657): warning:  #188-D: enumerated type mixed with another type
      HAL_GPIO_WritePin(out3a_GPIO_Port, out3a_Pin, 0);
../Src/main.c(665): warning:  #188-D: enumerated type mixed with another type
      HAL_GPIO_WritePin(out4a_GPIO_Port, out4a_Pin, 1);
../Src/main.c(673): warning:  #188-D: enumerated type mixed with another type
      HAL_GPIO_WritePin(out4a_GPIO_Port, out4a_Pin, 0);
../Src/main.c(688): warning:  #188-D: enumerated type mixed with another type
          HAL_GPIO_WritePin(out1a_GPIO_Port, out1a_Pin, 0);
../Src/main.c(692): warning:  #188-D: enumerated type mixed with another type
          HAL_GPIO_WritePin(out1a_GPIO_Port, out1a_Pin, 1);
../Src/main.c(697): warning:  #188-D: enumerated type mixed with another type
          HAL_GPIO_WritePin(out1a_GPIO_Port, out1a_Pin, 0);
../Src/main.c(713): warning:  #188-D: enumerated type mixed with another type
          HAL_GPIO_WritePin(out1b_GPIO_Port, out1b_Pin, 0);
../Src/main.c(717): warning:  #188-D: enumerated type mixed with another type
          HAL_GPIO_WritePin(out1b_GPIO_Port, out1b_Pin, 1);
../Src/main.c(727): warning:  #188-D: enumerated type mixed with another type
          HAL_GPIO_WritePin(out1b_GPIO_Port, out1b_Pin, 1);
../Src/main.c(731): warning:  #188-D: enumerated type mixed with another type
          HAL_GPIO_WritePin(out1b_GPIO_Port, out1b_Pin, 0);
../Src/main.c(735): warning:  #188-D: enumerated type mixed with another type
          HAL_GPIO_WritePin(out1b_GPIO_Port, out1b_Pin, 1);
../Src/main.c(740): warning:  #188-D: enumerated type mixed with another type
          HAL_GPIO_WritePin(out1b_GPIO_Port, out1b_Pin, 0);
../Src/main.c(757): warning:  #188-D: enumerated type mixed with another type
          HAL_GPIO_WritePin(out2a_GPIO_Port, out2a_Pin, 0);
../Src/main.c(761): warning:  #188-D: enumerated type mixed with another type
          HAL_GPIO_WritePin(out2a_GPIO_Port, out2a_Pin, 1);
../Src/main.c(766): warning:  #188-D: enumerated type mixed with another type
          HAL_GPIO_WritePin(out2a_GPIO_Port, out2a_Pin, 0);
../Src/main.c(782): warning:  #188-D: enumerated type mixed with another type
          HAL_GPIO_WritePin(out2b_GPIO_Port, out2b_Pin, 0);
../Src/main.c(786): warning:  #188-D: enumerated type mixed with another type
          HAL_GPIO_WritePin(out2b_GPIO_Port, out2b_Pin, 1);
../Src/main.c(796): warning:  #188-D: enumerated type mixed with another type
          HAL_GPIO_WritePin(out2b_GPIO_Port, out2b_Pin, 1);
../Src/main.c(800): warning:  #188-D: enumerated type mixed with another type
          HAL_GPIO_WritePin(out2b_GPIO_Port, out2b_Pin, 0);
../Src/main.c(804): warning:  #188-D: enumerated type mixed with another type
          HAL_GPIO_WritePin(out2b_GPIO_Port, out2b_Pin, 1);
../Src/main.c(809): warning:  #188-D: enumerated type mixed with another type
          HAL_GPIO_WritePin(out2b_GPIO_Port, out2b_Pin, 0);
../Src/main.c(826): warning:  #188-D: enumerated type mixed with another type
          HAL_GPIO_WritePin(out3a_GPIO_Port, out3a_Pin, 0);
../Src/main.c(830): warning:  #188-D: enumerated type mixed with another type
          HAL_GPIO_WritePin(out3a_GPIO_Port, out3a_Pin, 1);
../Src/main.c(835): warning:  #188-D: enumerated type mixed with another type
          HAL_GPIO_WritePin(out3a_GPIO_Port, out3a_Pin, 0);
../Src/main.c(851): warning:  #188-D: enumerated type mixed with another type
          HAL_GPIO_WritePin(out3b_GPIO_Port, out3b_Pin, 0);
../Src/main.c(855): warning:  #188-D: enumerated type mixed with another type
          HAL_GPIO_WritePin(out3b_GPIO_Port, out3b_Pin, 1);
../Src/main.c(865): warning:  #188-D: enumerated type mixed with another type
          HAL_GPIO_WritePin(out3b_GPIO_Port, out3b_Pin, 1);
../Src/main.c(869): warning:  #188-D: enumerated type mixed with another type
          HAL_GPIO_WritePin(out3b_GPIO_Port, out3b_Pin, 0);
../Src/main.c(873): warning:  #188-D: enumerated type mixed with another type
          HAL_GPIO_WritePin(out3b_GPIO_Port, out3b_Pin, 1);
../Src/main.c(878): warning:  #188-D: enumerated type mixed with another type
          HAL_GPIO_WritePin(out3b_GPIO_Port, out3b_Pin, 0);
../Src/main.c(895): warning:  #188-D: enumerated type mixed with another type
          HAL_GPIO_WritePin(out4a_GPIO_Port, out4a_Pin, 0);
../Src/main.c(899): warning:  #188-D: enumerated type mixed with another type
          HAL_GPIO_WritePin(out4a_GPIO_Port, out4a_Pin, 1);
../Src/main.c(904): warning:  #188-D: enumerated type mixed with another type
          HAL_GPIO_WritePin(out4a_GPIO_Port, out4a_Pin, 0);
../Src/main.c(920): warning:  #188-D: enumerated type mixed with another type
          HAL_GPIO_WritePin(out4b_GPIO_Port, out4b_Pin, 0);
../Src/main.c(924): warning:  #188-D: enumerated type mixed with another type
          HAL_GPIO_WritePin(out4b_GPIO_Port, out4b_Pin, 1);
../Src/main.c(934): warning:  #188-D: enumerated type mixed with another type
          HAL_GPIO_WritePin(out4b_GPIO_Port, out4b_Pin, 1);
../Src/main.c(938): warning:  #188-D: enumerated type mixed with another type
          HAL_GPIO_WritePin(out4b_GPIO_Port, out4b_Pin, 0);
../Src/main.c(942): warning:  #188-D: enumerated type mixed with another type
          HAL_GPIO_WritePin(out4b_GPIO_Port, out4b_Pin, 1);
../Src/main.c(947): warning:  #188-D: enumerated type mixed with another type
          HAL_GPIO_WritePin(out4b_GPIO_Port, out4b_Pin, 0);
../Src/main.c(967): warning:  #188-D: enumerated type mixed with another type
          HAL_GPIO_WritePin(out1a_GPIO_Port, out1a_Pin, 0);
../Src/main.c(971): warning:  #188-D: enumerated type mixed with another type
          HAL_GPIO_WritePin(out1a_GPIO_Port, out1a_Pin, 1);
../Src/main.c(975): warning:  #188-D: enumerated type mixed with another type
          HAL_GPIO_WritePin(out1a_GPIO_Port, out1a_Pin, 0);
../Src/main.c(979): warning:  #188-D: enumerated type mixed with another type
          HAL_GPIO_WritePin(out1a_GPIO_Port, out1a_Pin, 1);
../Src/main.c(984): warning:  #188-D: enumerated type mixed with another type
          HAL_GPIO_WritePin(out1a_GPIO_Port, out1a_Pin, 0);
../Src/main.c(1000): warning:  #188-D: enumerated type mixed with another type
          HAL_GPIO_WritePin(out1b_GPIO_Port, out1b_Pin, 0);
../Src/main.c(1004): warning:  #188-D: enumerated type mixed with another type
          HAL_GPIO_WritePin(out1b_GPIO_Port, out1b_Pin, 1);
../Src/main.c(1008): warning:  #188-D: enumerated type mixed with another type
          HAL_GPIO_WritePin(out1b_GPIO_Port, out1b_Pin, 0);
../Src/main.c(1012): warning:  #188-D: enumerated type mixed with another type
          HAL_GPIO_WritePin(out1b_GPIO_Port, out1b_Pin, 1);
../Src/main.c(1016): warning:  #188-D: enumerated type mixed with another type
          HAL_GPIO_WritePin(out1b_GPIO_Port, out1b_Pin, 0);
../Src/main.c(1020): warning:  #188-D: enumerated type mixed with another type
          HAL_GPIO_WritePin(out1b_GPIO_Port, out1b_Pin, 1);
../Src/main.c(1026): warning:  #188-D: enumerated type mixed with another type
          HAL_GPIO_WritePin(out1b_GPIO_Port, out1b_Pin, 0);
../Src/main.c(1042): warning:  #188-D: enumerated type mixed with another type
          HAL_GPIO_WritePin(out2a_GPIO_Port, out2a_Pin, 0);
../Src/main.c(1046): warning:  #188-D: enumerated type mixed with another type
          HAL_GPIO_WritePin(out2a_GPIO_Port, out2a_Pin, 1);
../Src/main.c(1050): warning:  #188-D: enumerated type mixed with another type
          HAL_GPIO_WritePin(out2a_GPIO_Port, out2a_Pin, 0);
../Src/main.c(1054): warning:  #188-D: enumerated type mixed with another type
          HAL_GPIO_WritePin(out2a_GPIO_Port, out2a_Pin, 1);
../Src/main.c(1059): warning:  #188-D: enumerated type mixed with another type
          HAL_GPIO_WritePin(out2a_GPIO_Port, out2a_Pin, 0);
../Src/main.c(1075): warning:  #188-D: enumerated type mixed with another type
          HAL_GPIO_WritePin(out2b_GPIO_Port, out2b_Pin, 0);
../Src/main.c(1079): warning:  #188-D: enumerated type mixed with another type
          HAL_GPIO_WritePin(out2b_GPIO_Port, out2b_Pin, 1);
../Src/main.c(1083): warning:  #188-D: enumerated type mixed with another type
          HAL_GPIO_WritePin(out2b_GPIO_Port, out2b_Pin, 0);
../Src/main.c(1087): warning:  #188-D: enumerated type mixed with another type
          HAL_GPIO_WritePin(out2b_GPIO_Port, out2b_Pin, 1);
../Src/main.c(1091): warning:  #188-D: enumerated type mixed with another type
          HAL_GPIO_WritePin(out2b_GPIO_Port, out2b_Pin, 0);
../Src/main.c(1095): warning:  #188-D: enumerated type mixed with another type
          HAL_GPIO_WritePin(out2b_GPIO_Port, out2b_Pin, 1);
../Src/main.c(1101): warning:  #188-D: enumerated type mixed with another type
          HAL_GPIO_WritePin(out2b_GPIO_Port, out2b_Pin, 0);
../Src/main.c(1117): warning:  #188-D: enumerated type mixed with another type
          HAL_GPIO_WritePin(out3a_GPIO_Port, out3a_Pin, 0);
../Src/main.c(1121): warning:  #188-D: enumerated type mixed with another type
          HAL_GPIO_WritePin(out3a_GPIO_Port, out3a_Pin, 1);
../Src/main.c(1125): warning:  #188-D: enumerated type mixed with another type
          HAL_GPIO_WritePin(out3a_GPIO_Port, out3a_Pin, 0);
../Src/main.c(1129): warning:  #188-D: enumerated type mixed with another type
          HAL_GPIO_WritePin(out3a_GPIO_Port, out3a_Pin, 1);
../Src/main.c(1134): warning:  #188-D: enumerated type mixed with another type
          HAL_GPIO_WritePin(out3a_GPIO_Port, out3a_Pin, 0);
../Src/main.c(1150): warning:  #188-D: enumerated type mixed with another type
          HAL_GPIO_WritePin(out3b_GPIO_Port, out3b_Pin, 0);
../Src/main.c(1154): warning:  #188-D: enumerated type mixed with another type
          HAL_GPIO_WritePin(out3b_GPIO_Port, out3b_Pin, 1);
../Src/main.c(1158): warning:  #188-D: enumerated type mixed with another type
          HAL_GPIO_WritePin(out3b_GPIO_Port, out3b_Pin, 0);
../Src/main.c(1162): warning:  #188-D: enumerated type mixed with another type
          HAL_GPIO_WritePin(out3b_GPIO_Port, out3b_Pin, 1);
../Src/main.c(1166): warning:  #188-D: enumerated type mixed with another type
          HAL_GPIO_WritePin(out3b_GPIO_Port, out3b_Pin, 0);
../Src/main.c(1170): warning:  #188-D: enumerated type mixed with another type
          HAL_GPIO_WritePin(out3b_GPIO_Port, out3b_Pin, 1);
../Src/main.c(1176): warning:  #188-D: enumerated type mixed with another type
          HAL_GPIO_WritePin(out3b_GPIO_Port, out3b_Pin, 0);
../Src/main.c(1192): warning:  #188-D: enumerated type mixed with another type
          HAL_GPIO_WritePin(out4a_GPIO_Port, out4a_Pin, 0);
../Src/main.c(1196): warning:  #188-D: enumerated type mixed with another type
          HAL_GPIO_WritePin(out4a_GPIO_Port, out4a_Pin, 1);
../Src/main.c(1200): warning:  #188-D: enumerated type mixed with another type
          HAL_GPIO_WritePin(out4a_GPIO_Port, out4a_Pin, 0);
../Src/main.c(1204): warning:  #188-D: enumerated type mixed with another type
          HAL_GPIO_WritePin(out4a_GPIO_Port, out4a_Pin, 1);
../Src/main.c(1209): warning:  #188-D: enumerated type mixed with another type
          HAL_GPIO_WritePin(out4a_GPIO_Port, out4a_Pin, 0);
../Src/main.c(1225): warning:  #188-D: enumerated type mixed with another type
          HAL_GPIO_WritePin(out4b_GPIO_Port, out4b_Pin, 0);
../Src/main.c(1229): warning:  #188-D: enumerated type mixed with another type
          HAL_GPIO_WritePin(out4b_GPIO_Port, out4b_Pin, 1);
../Src/main.c(1233): warning:  #188-D: enumerated type mixed with another type
          HAL_GPIO_WritePin(out4b_GPIO_Port, out4b_Pin, 0);
../Src/main.c(1237): warning:  #188-D: enumerated type mixed with another type
          HAL_GPIO_WritePin(out4b_GPIO_Port, out4b_Pin, 1);
../Src/main.c(1241): warning:  #188-D: enumerated type mixed with another type
          HAL_GPIO_WritePin(out4b_GPIO_Port, out4b_Pin, 0);
../Src/main.c(1245): warning:  #188-D: enumerated type mixed with another type
          HAL_GPIO_WritePin(out4b_GPIO_Port, out4b_Pin, 1);
../Src/main.c(1251): warning:  #188-D: enumerated type mixed with another type
          HAL_GPIO_WritePin(out4b_GPIO_Port, out4b_Pin, 0);
../Src/main.c: 92 warnings, 0 errors
linking...
Program Size: Code=12796 RO-data=472 RW-data=156 ZI-data=1300  
"Only_1_Timer\Only_1_Timer.axf" - 0 Error(s), 92 Warning(s).

<h2>Software Packages used:</h2>

Package Vendor: ARM
                http://www.keil.com/pack/ARM.CMSIS.5.4.0.pack
                ARM.CMSIS.5.4.0
                CMSIS (Cortex Microcontroller Software Interface Standard)
   * Component: CORE Version: 5.1.2

Package Vendor: Keil
                http://www.keil.com/pack/Keil.STM32F3xx_DFP.2.1.0.pack
                Keil.STM32F3xx_DFP.2.1.0
                STMicroelectronics STM32F3 Series Device Support and Examples

<h2>Collection of Component include folders:</h2>
  .\RTE\_Only_1_Timer
  C:\Keil_v5\ARM\PACK\ARM\CMSIS\5.4.0\CMSIS\Core\Include
  C:\Keil_v5\ARM\PACK\Keil\STM32F3xx_DFP\2.1.0\Drivers\CMSIS\Device\ST\STM32F3xx\Include

<h2>Collection of Component Files used:</h2>

   * Component: ARM::CMSIS:CORE:5.1.2
Build Time Elapsed:  00:00:02
</pre>
</body>
</html>
