Component: ARM Compiler 5.06 update 6 (build 750) Tool: armlink [4d35ed]

==============================================================================

Section Cross References

    startup_stm32f103xb.o(RESET) refers to startup_stm32f103xb.o(STACK) for __initial_sp
    startup_stm32f103xb.o(RESET) refers to startup_stm32f103xb.o(.text) for Reset_Handler
    startup_stm32f103xb.o(RESET) refers to stm32f1xx_it.o(i.NMI_Handler) for NMI_Handler
    startup_stm32f103xb.o(RESET) refers to stm32f1xx_it.o(i.HardFault_Handler) for HardFault_Handler
    startup_stm32f103xb.o(RESET) refers to stm32f1xx_it.o(i.MemManage_Handler) for MemManage_Handler
    startup_stm32f103xb.o(RESET) refers to stm32f1xx_it.o(i.BusFault_Handler) for BusFault_Handler
    startup_stm32f103xb.o(RESET) refers to stm32f1xx_it.o(i.UsageFault_Handler) for UsageFault_Handler
    startup_stm32f103xb.o(RESET) refers to stm32f1xx_it.o(i.SVC_Handler) for SVC_Handler
    startup_stm32f103xb.o(RESET) refers to stm32f1xx_it.o(i.DebugMon_Handler) for DebugMon_Handler
    startup_stm32f103xb.o(RESET) refers to stm32f1xx_it.o(i.PendSV_Handler) for PendSV_Handler
    startup_stm32f103xb.o(RESET) refers to stm32f1xx_it.o(i.SysTick_Handler) for SysTick_Handler
    startup_stm32f103xb.o(.text) refers to system_stm32f1xx.o(i.SystemInit) for SystemInit
    startup_stm32f103xb.o(.text) refers to entry.o(.ARM.Collect$$$$00000000) for __main
    main.o(i.MX_GPIO_Init) refers to stm32f1xx_hal_gpio.o(i.HAL_GPIO_WritePin) for HAL_GPIO_WritePin
    main.o(i.MX_GPIO_Init) refers to stm32f1xx_hal_gpio.o(i.HAL_GPIO_Init) for HAL_GPIO_Init
    main.o(i.MX_SPI1_Init) refers to stm32f1xx_hal_spi.o(i.HAL_SPI_Init) for HAL_SPI_Init
    main.o(i.MX_SPI1_Init) refers to main.o(.bss) for .bss
    main.o(i.SystemClock_Config) refers to memseta.o(.text) for __aeabi_memclr4
    main.o(i.SystemClock_Config) refers to stm32f1xx_hal_rcc.o(i.HAL_RCC_OscConfig) for HAL_RCC_OscConfig
    main.o(i.SystemClock_Config) refers to stm32f1xx_hal_rcc.o(i.HAL_RCC_ClockConfig) for HAL_RCC_ClockConfig
    main.o(i.bufclear) refers to main.o(.bss) for .bss
    main.o(i.main) refers to stm32f1xx_hal.o(i.HAL_Init) for HAL_Init
    main.o(i.main) refers to main.o(i.SystemClock_Config) for SystemClock_Config
    main.o(i.main) refers to main.o(i.MX_GPIO_Init) for MX_GPIO_Init
    main.o(i.main) refers to main.o(i.MX_SPI1_Init) for MX_SPI1_Init
    main.o(i.main) refers to stm32f1xx_hal_uart.o(i.HAL_UART_Init) for HAL_UART_Init
    main.o(i.main) refers to fatfs.o(i.MX_FATFS_Init) for MX_FATFS_Init
    main.o(i.main) refers to stm32f1xx_hal.o(i.HAL_Delay) for HAL_Delay
    main.o(i.main) refers to ff.o(i.f_mount) for f_mount
    main.o(i.main) refers to main.o(i.send_uart) for send_uart
    main.o(i.main) refers to ff.o(i.f_getfree) for f_getfree
    main.o(i.main) refers to dfltui.o(.text) for __aeabi_ui2d
    main.o(i.main) refers to dscalb.o(.text) for __ARM_scalbn
    main.o(i.main) refers to dfixui.o(.text) for __aeabi_d2uiz
    main.o(i.main) refers to printf4.o(i.__0sprintf$4) for __2sprintf
    main.o(i.main) refers to main.o(i.bufclear) for bufclear
    main.o(i.main) refers to ff.o(i.f_open) for f_open
    main.o(i.main) refers to ff.o(i.f_puts) for f_puts
    main.o(i.main) refers to ff.o(i.f_close) for f_close
    main.o(i.main) refers to ff.o(i.f_gets) for f_gets
    main.o(i.main) refers to main.o(.bss) for .bss
    main.o(i.main) refers to main.o(.data) for .data
    main.o(i.main) refers to main.o(.conststring) for .conststring
    main.o(i.send_uart) refers to strlen.o(.text) for strlen
    main.o(i.send_uart) refers to stm32f1xx_hal_uart.o(i.HAL_UART_Transmit) for HAL_UART_Transmit
    main.o(i.send_uart) refers to main.o(.bss) for .bss
    user_diskio.o(i.USER_initialize) refers to fatfs_sd.o(i.SD_disk_initialize) for SD_disk_initialize
    user_diskio.o(i.USER_ioctl) refers to fatfs_sd.o(i.SD_disk_ioctl) for SD_disk_ioctl
    user_diskio.o(i.USER_read) refers to fatfs_sd.o(i.SD_disk_read) for SD_disk_read
    user_diskio.o(i.USER_status) refers to fatfs_sd.o(i.SD_disk_status) for SD_disk_status
    user_diskio.o(i.USER_write) refers to fatfs_sd.o(i.SD_disk_write) for SD_disk_write
    user_diskio.o(.data) refers to user_diskio.o(i.USER_initialize) for USER_initialize
    user_diskio.o(.data) refers to user_diskio.o(i.USER_status) for USER_status
    user_diskio.o(.data) refers to user_diskio.o(i.USER_read) for USER_read
    user_diskio.o(.data) refers to user_diskio.o(i.USER_write) for USER_write
    user_diskio.o(.data) refers to user_diskio.o(i.USER_ioctl) for USER_ioctl
    fatfs.o(i.MX_FATFS_Init) refers to ff_gen_drv.o(i.FATFS_LinkDriver) for FATFS_LinkDriver
    fatfs.o(i.MX_FATFS_Init) refers to fatfs.o(.data) for .data
    fatfs.o(i.MX_FATFS_Init) refers to user_diskio.o(.data) for USER_Driver
    stm32f1xx_it.o(i.SDTimer_Handler) refers to stm32f1xx_it.o(.data) for .data
    stm32f1xx_it.o(i.SysTick_Handler) refers to stm32f1xx_it.o(i.SDTimer_Handler) for SDTimer_Handler
[...]
    Removing stm32f1xx_hal_cortex.o(i.HAL_SYSTICK_CLKSourceConfig), (24 bytes).
    Removing stm32f1xx_hal_cortex.o(i.HAL_SYSTICK_Callback), (2 bytes).
    Removing stm32f1xx_hal_cortex.o(i.HAL_SYSTICK_IRQHandler), (8 bytes).
    Removing stm32f1xx_hal_pwr.o(.rev16_text), (4 bytes).
    Removing stm32f1xx_hal_pwr.o(.revsh_text), (4 bytes).
    Removing stm32f1xx_hal_pwr.o(.rrx_text), (6 bytes).
    Removing stm32f1xx_hal_pwr.o(i.HAL_PWR_ConfigPVD), (124 bytes).
    Removing stm32f1xx_hal_pwr.o(i.HAL_PWR_DeInit), (24 bytes).
    Removing stm32f1xx_hal_pwr.o(i.HAL_PWR_DisableBkUpAccess), (12 bytes).
    Removing stm32f1xx_hal_pwr.o(i.HAL_PWR_DisablePVD), (12 bytes).
    Removing stm32f1xx_hal_pwr.o(i.HAL_PWR_DisableSEVOnPend), (16 bytes).
    Removing stm32f1xx_hal_pwr.o(i.HAL_PWR_DisableSleepOnExit), (16 bytes).
    Removing stm32f1xx_hal_pwr.o(i.HAL_PWR_DisableWakeUpPin), (28 bytes).
    Removing stm32f1xx_hal_pwr.o(i.HAL_PWR_EnableBkUpAccess), (12 bytes).
    Removing stm32f1xx_hal_pwr.o(i.HAL_PWR_EnablePVD), (12 bytes).
    Removing stm32f1xx_hal_pwr.o(i.HAL_PWR_EnableSEVOnPend), (16 bytes).
    Removing stm32f1xx_hal_pwr.o(i.HAL_PWR_EnableSleepOnExit), (16 bytes).
    Removing stm32f1xx_hal_pwr.o(i.HAL_PWR_EnableWakeUpPin), (28 bytes).
    Removing stm32f1xx_hal_pwr.o(i.HAL_PWR_EnterSLEEPMode), (32 bytes).
    Removing stm32f1xx_hal_pwr.o(i.HAL_PWR_EnterSTANDBYMode), (32 bytes).
    Removing stm32f1xx_hal_pwr.o(i.HAL_PWR_EnterSTOPMode), (68 bytes).
    Removing stm32f1xx_hal_pwr.o(i.HAL_PWR_PVDCallback), (2 bytes).
    Removing stm32f1xx_hal_pwr.o(i.HAL_PWR_PVD_IRQHandler), (28 bytes).
    Removing stm32f1xx_hal_pwr.o(i.PWR_OverloadWfe), (6 bytes).
    Removing stm32f1xx_hal_flash.o(.rev16_text), (4 bytes).
    Removing stm32f1xx_hal_flash.o(.revsh_text), (4 bytes).
    Removing stm32f1xx_hal_flash.o(.rrx_text), (6 bytes).
    Removing stm32f1xx_hal_flash.o(i.FLASH_Program_HalfWord), (28 bytes).
    Removing stm32f1xx_hal_flash.o(i.FLASH_SetErrorCode), (92 bytes).
    Removing stm32f1xx_hal_flash.o(i.FLASH_WaitForLastOperation), (84 bytes).
    Removing stm32f1xx_hal_flash.o(i.HAL_FLASH_EndOfOperationCallback), (2 bytes).
    Removing stm32f1xx_hal_flash.o(i.HAL_FLASH_GetError), (12 bytes).
    Removing stm32f1xx_hal_flash.o(i.HAL_FLASH_IRQHandler), (264 bytes).
    Removing stm32f1xx_hal_flash.o(i.HAL_FLASH_Lock), (20 bytes).
    Removing stm32f1xx_hal_flash.o(i.HAL_FLASH_OB_Launch), (4 bytes).
    Removing stm32f1xx_hal_flash.o(i.HAL_FLASH_OB_Lock), (20 bytes).
    Removing stm32f1xx_hal_flash.o(i.HAL_FLASH_OB_Unlock), (36 bytes).
    Removing stm32f1xx_hal_flash.o(i.HAL_FLASH_OperationErrorCallback), (2 bytes).
    Removing stm32f1xx_hal_flash.o(i.HAL_FLASH_Program), (128 bytes).
    Removing stm32f1xx_hal_flash.o(i.HAL_FLASH_Program_IT), (100 bytes).
    Removing stm32f1xx_hal_flash.o(i.HAL_FLASH_Unlock), (40 bytes).
    Removing stm32f1xx_hal_flash.o(.bss), (32 bytes).
    Removing stm32f1xx_hal_flash_ex.o(.rev16_text), (4 bytes).
    Removing stm32f1xx_hal_flash_ex.o(.revsh_text), (4 bytes).
    Removing stm32f1xx_hal_flash_ex.o(.rrx_text), (6 bytes).
    Removing stm32f1xx_hal_flash_ex.o(i.FLASH_MassErase), (36 bytes).
    Removing stm32f1xx_hal_flash_ex.o(i.FLASH_OB_DisableWRP), (176 bytes).
    Removing stm32f1xx_hal_flash_ex.o(i.FLASH_OB_EnableWRP), (176 bytes).
    Removing stm32f1xx_hal_flash_ex.o(i.FLASH_OB_GetRDP), (24 bytes).
    Removing stm32f1xx_hal_flash_ex.o(i.FLASH_OB_RDP_LevelConfig), (100 bytes).
    Removing stm32f1xx_hal_flash_ex.o(i.FLASH_PageErase), (36 bytes).
    Removing stm32f1xx_hal_flash_ex.o(i.HAL_FLASHEx_Erase), (168 bytes).
    Removing stm32f1xx_hal_flash_ex.o(i.HAL_FLASHEx_Erase_IT), (84 bytes).
    Removing stm32f1xx_hal_flash_ex.o(i.HAL_FLASHEx_OBErase), (84 bytes).
    Removing stm32f1xx_hal_flash_ex.o(i.HAL_FLASHEx_OBGetConfig), (36 bytes).
    Removing stm32f1xx_hal_flash_ex.o(i.HAL_FLASHEx_OBGetUserData), (32 bytes).
    Removing stm32f1xx_hal_flash_ex.o(i.HAL_FLASHEx_OBProgram), (200 bytes).
    Removing stm32f1xx_hal_exti.o(.rev16_text), (4 bytes).
    Removing stm32f1xx_hal_exti.o(.revsh_text), (4 bytes).
    Removing stm32f1xx_hal_exti.o(.rrx_text), (6 bytes).
    Removing stm32f1xx_hal_exti.o(i.HAL_EXTI_ClearConfigLine), (104 bytes).
    Removing stm32f1xx_hal_exti.o(i.HAL_EXTI_ClearPending), (20 bytes).
    Removing stm32f1xx_hal_exti.o(i.HAL_EXTI_GenerateSWI), (20 bytes).
    Removing stm32f1xx_hal_exti.o(i.HAL_EXTI_GetConfigLine), (152 bytes).
    Removing stm32f1xx_hal_exti.o(i.HAL_EXTI_GetHandle), (12 bytes).
    Removing stm32f1xx_hal_exti.o(i.HAL_EXTI_GetPending), (24 bytes).
    Removing stm32f1xx_hal_exti.o(i.HAL_EXTI_IRQHandler), (36 bytes).
    Removing stm32f1xx_hal_exti.o(i.HAL_EXTI_RegisterCallback), (14 bytes).
    Removing stm32f1xx_hal_exti.o(i.HAL_EXTI_SetConfigLine), (164 bytes).
    Removing stm32f1xx_hal_spi.o(.rev16_text), (4 bytes).
    Removing stm32f1xx_hal_spi.o(.revsh_text), (4 bytes).
    Removing stm32f1xx_hal_spi.o(.rrx_text), (6 bytes).
    Removing stm32f1xx_hal_spi.o(i.HAL_SPI_Abort), (288 bytes).
    Removing stm32f1xx_hal_spi.o(i.HAL_SPI_AbortCpltCallback), (2 bytes).
    Removing stm32f1xx_hal_spi.o(i.HAL_SPI_Abort_IT), (288 bytes).
    Removing stm32f1xx_hal_spi.o(i.HAL_SPI_DMAPause), (38 bytes).
    Removing stm32f1xx_hal_spi.o(i.HAL_SPI_DMAResume), (38 bytes).
    Removing stm32f1xx_hal_spi.o(i.HAL_SPI_DMAStop), (66 bytes).
    Removing stm32f1xx_hal_spi.o(i.HAL_SPI_DeInit), (46 bytes).
    Removing stm32f1xx_hal_spi.o(i.HAL_SPI_ErrorCallback), (2 bytes).
    Removing stm32f1xx_hal_spi.o(i.HAL_SPI_GetError), (4 bytes).
    Removing stm32f1xx_hal_spi.o(i.HAL_SPI_GetState), (6 bytes).
    Removing stm32f1xx_hal_spi.o(i.HAL_SPI_IRQHandler), (224 bytes).
    Removing stm32f1xx_hal_spi.o(i.HAL_SPI_MspDeInit), (2 bytes).
    Removing stm32f1xx_hal_spi.o(i.HAL_SPI_MspInit), (2 bytes).
    Removing stm32f1xx_hal_spi.o(i.HAL_SPI_Receive), (336 bytes).
    Removing stm32f1xx_hal_spi.o(i.HAL_SPI_Receive_DMA), (232 bytes).
    Removing stm32f1xx_hal_spi.o(i.HAL_SPI_Receive_IT), (164 bytes).
    Removing stm32f1xx_hal_spi.o(i.HAL_SPI_RxCpltCallback), (2 bytes).
    Removing stm32f1xx_hal_spi.o(i.HAL_SPI_RxHalfCpltCallback), (2 bytes).
    Removing stm32f1xx_hal_spi.o(i.HAL_SPI_TransmitReceive_DMA), (292 bytes).
    Removing stm32f1xx_hal_spi.o(i.HAL_SPI_TransmitReceive_IT), (164 bytes).
    Removing stm32f1xx_hal_spi.o(i.HAL_SPI_Transmit_DMA), (204 bytes).
    Removing stm32f1xx_hal_spi.o(i.HAL_SPI_Transmit_IT), (140 bytes).
    Removing stm32f1xx_hal_spi.o(i.HAL_SPI_TxCpltCallback), (2 bytes).
    Removing stm32f1xx_hal_spi.o(i.HAL_SPI_TxHalfCpltCallback), (2 bytes).
    Removing stm32f1xx_hal_spi.o(i.HAL_SPI_TxRxCpltCallback), (2 bytes).
    Removing stm32f1xx_hal_spi.o(i.HAL_SPI_TxRxHalfCpltCallback), (2 bytes).
    Removing stm32f1xx_hal_spi.o(i.SPI_2linesRxISR_16BIT), (48 bytes).
    Removing stm32f1xx_hal_spi.o(i.SPI_2linesRxISR_8BIT), (48 bytes).
    Removing stm32f1xx_hal_spi.o(i.SPI_2linesTxISR_16BIT), (48 bytes).
    Removing stm32f1xx_hal_spi.o(i.SPI_2linesTxISR_8BIT), (48 bytes).
    Removing stm32f1xx_hal_spi.o(i.SPI_AbortRx_ISR), (80 bytes).
    Removing stm32f1xx_hal_spi.o(i.SPI_AbortTx_ISR), (28 bytes).
    Removing stm32f1xx_hal_spi.o(i.SPI_CloseRxTx_ISR), (144 bytes).
    Removing stm32f1xx_hal_spi.o(i.SPI_CloseRx_ISR), (76 bytes).
    Removing stm32f1xx_hal_spi.o(i.SPI_CloseTx_ISR), (124 bytes).
    Removing stm32f1xx_hal_spi.o(i.SPI_DMAAbortOnError), (16 bytes).
    Removing stm32f1xx_hal_spi.o(i.SPI_DMAError), (34 bytes).
    Removing stm32f1xx_hal_spi.o(i.SPI_DMAHalfReceiveCplt), (10 bytes).
    Removing stm32f1xx_hal_spi.o(i.SPI_DMAHalfTransmitCplt), (10 bytes).
    Removing stm32f1xx_hal_spi.o(i.SPI_DMAHalfTransmitReceiveCplt), (10 bytes).
    Removing stm32f1xx_hal_spi.o(i.SPI_DMAReceiveCplt), (84 bytes).
    Removing stm32f1xx_hal_spi.o(i.SPI_DMARxAbortCallback), (98 bytes).
    Removing stm32f1xx_hal_spi.o(i.SPI_DMATransmitCplt), (100 bytes).
    Removing stm32f1xx_hal_spi.o(i.SPI_DMATransmitReceiveCplt), (90 bytes).
    Removing stm32f1xx_hal_spi.o(i.SPI_DMATxAbortCallback), (112 bytes).
    Removing stm32f1xx_hal_spi.o(i.SPI_EndRxTransaction), (92 bytes).
    Removing stm32f1xx_hal_spi.o(i.SPI_RxISR_16BIT), (32 bytes).
    Removing stm32f1xx_hal_spi.o(i.SPI_RxISR_8BIT), (32 bytes).
    Removing stm32f1xx_hal_spi.o(i.SPI_TxISR_16BIT), (32 bytes).
    Removing stm32f1xx_hal_spi.o(i.SPI_TxISR_8BIT), (32 bytes).
    Removing stm32f1xx_hal_tim.o(.rev16_text), (4 bytes).
    Removing stm32f1xx_hal_tim.o(.revsh_text), (4 bytes).
    Removing stm32f1xx_hal_tim.o(.rrx_text), (6 bytes).
    Removing stm32f1xx_hal_tim_ex.o(.rev16_text), (4 bytes).
    Removing stm32f1xx_hal_tim_ex.o(.revsh_text), (4 bytes).
    Removing stm32f1xx_hal_tim_ex.o(.rrx_text), (6 bytes).
    Removing stm32f1xx_hal_uart.o(.rev16_text), (4 bytes).
    Removing stm32f1xx_hal_uart.o(.revsh_text), (4 bytes).
    Removing stm32f1xx_hal_uart.o(.rrx_text), (6 bytes).
    Removing stm32f1xx_hal_uart.o(i.HAL_HalfDuplex_EnableReceiver), (50 bytes).
    Removing stm32f1xx_hal_uart.o(i.HAL_HalfDuplex_EnableTransmitter), (50 bytes).
    Removing stm32f1xx_hal_uart.o(i.HAL_HalfDuplex_Init), (108 bytes).
    Removing stm32f1xx_hal_uart.o(i.HAL_LIN_Init), (128 bytes).
    Removing stm32f1xx_hal_uart.o(i.HAL_LIN_SendBreak), (46 bytes).
    Removing stm32f1xx_hal_uart.o(i.HAL_MultiProcessor_EnterMuteMode), (46 bytes).
    Removing stm32f1xx_hal_uart.o(i.HAL_MultiProcessor_ExitMuteMode), (46 bytes).
    Removing stm32f1xx_hal_uart.o(i.HAL_MultiProcessor_Init), (142 bytes).
    Removing stm32f1xx_hal_uart.o(i.HAL_UART_Abort), (138 bytes).
    Removing stm32f1xx_hal_uart.o(i.HAL_UART_AbortCpltCallback), (2 bytes).
    Removing stm32f1xx_hal_uart.o(i.HAL_UART_AbortReceive), (88 bytes).
    Removing stm32f1xx_hal_uart.o(i.HAL_UART_AbortReceiveCpltCallback), (2 bytes).
    Removing stm32f1xx_hal_uart.o(i.HAL_UART_AbortReceive_IT), (92 bytes).
    Removing stm32f1xx_hal_uart.o(i.HAL_UART_AbortTransmit), (78 bytes).
    Removing stm32f1xx_hal_uart.o(i.HAL_UART_AbortTransmitCpltCallback), (2 bytes).
    Removing stm32f1xx_hal_uart.o(i.HAL_UART_AbortTransmit_IT), (84 bytes).
    Removing stm32f1xx_hal_uart.o(i.HAL_UART_Abort_IT), (172 bytes).
    Removing stm32f1xx_hal_uart.o(i.HAL_UART_DMAPause), (102 bytes).
    Removing stm32f1xx_hal_uart.o(i.HAL_UART_DMAResume), (94 bytes).
    Removing stm32f1xx_hal_uart.o(i.HAL_UART_DMAStop), (88 bytes).
    Removing stm32f1xx_hal_uart.o(i.HAL_UART_DeInit), (50 bytes).
    Removing stm32f1xx_hal_uart.o(i.HAL_UART_ErrorCallback), (2 bytes).
    Removing stm32f1xx_hal_uart.o(i.HAL_UART_GetError), (4 bytes).
    Removing stm32f1xx_hal_uart.o(i.HAL_UART_GetState), (10 bytes).
    Removing stm32f1xx_hal_uart.o(i.HAL_UART_IRQHandler), (272 bytes).
    Removing stm32f1xx_hal_uart.o(i.HAL_UART_MspDeInit), (2 bytes).
    Removing stm32f1xx_hal_uart.o(i.HAL_UART_MspInit), (2 bytes).
    Removing stm32f1xx_hal_uart.o(i.HAL_UART_Receive), (184 bytes).
    Removing stm32f1xx_hal_uart.o(i.HAL_UART_Receive_DMA), (152 bytes).
    Removing stm32f1xx_hal_uart.o(i.HAL_UART_Receive_IT), (82 bytes).
    Removing stm32f1xx_hal_uart.o(i.HAL_UART_RxCpltCallback), (2 bytes).
    Removing stm32f1xx_hal_uart.o(i.HAL_UART_RxHalfCpltCallback), (2 bytes).
    Removing stm32f1xx_hal_uart.o(i.HAL_UART_Transmit_DMA), (128 bytes).
    Removing stm32f1xx_hal_uart.o(i.HAL_UART_Transmit_IT), (62 bytes).
    Removing stm32f1xx_hal_uart.o(i.HAL_UART_TxCpltCallback), (2 bytes).
    Removing stm32f1xx_hal_uart.o(i.HAL_UART_TxHalfCpltCallback), (2 bytes).
    Removing stm32f1xx_hal_uart.o(i.UART_DMAAbortOnError), (16 bytes).
    Removing stm32f1xx_hal_uart.o(i.UART_DMAError), (74 bytes).
    Removing stm32f1xx_hal_uart.o(i.UART_DMAReceiveCplt), (60 bytes).
    Removing stm32f1xx_hal_uart.o(i.UART_DMARxAbortCallback), (42 bytes).
    Removing stm32f1xx_hal_uart.o(i.UART_DMARxHalfCplt), (10 bytes).
    Removing stm32f1xx_hal_uart.o(i.UART_DMARxOnlyAbortCallback), (20 bytes).
    Removing stm32f1xx_hal_uart.o(i.UART_DMATransmitCplt), (46 bytes).
    Removing stm32f1xx_hal_uart.o(i.UART_DMATxAbortCallback), (42 bytes).
    Removing stm32f1xx_hal_uart.o(i.UART_DMATxHalfCplt), (10 bytes).
    Removing stm32f1xx_hal_uart.o(i.UART_DMATxOnlyAbortCallback), (20 bytes).
    Removing stm32f1xx_hal_uart.o(i.UART_EndRxTransfer), (28 bytes).
    Removing stm32f1xx_hal_uart.o(i.UART_EndTxTransfer), (18 bytes).
    Removing stm32f1xx_hal_uart.o(i.UART_Receive_IT), (150 bytes).
    Removing stm32f1xx_hal_uart.o(i.UART_Transmit_IT), (98 bytes).
    Removing system_stm32f1xx.o(.rev16_text), (4 bytes).
    Removing system_stm32f1xx.o(.revsh_text), (4 bytes).
    Removing system_stm32f1xx.o(.rrx_text), (6 bytes).
    Removing system_stm32f1xx.o(i.SystemCoreClockUpdate), (104 bytes).
    Removing diskio.o(.rev16_text), (4 bytes).
    Removing diskio.o(.revsh_text), (4 bytes).
    Removing diskio.o(.rrx_text), (6 bytes).
    Removing diskio.o(i.get_fattime), (4 bytes).
    Removing ff.o(.rev16_text), (4 bytes).
    Removing ff.o(.revsh_text), (4 bytes).
    Removing ff.o(.rrx_text), (6 bytes).
    Removing ff.o(i.dir_read), (256 bytes).
    Removing ff.o(i.dir_remove), (102 bytes).
    Removing ff.o(i.f_chmod), (120 bytes).
    Removing ff.o(i.f_closedir), (36 bytes).
    Removing ff.o(i.f_lseek), (614 bytes).
    Removing ff.o(i.f_mkdir), (448 bytes).
    Removing ff.o(i.f_mkfs), (1408 bytes).
    Removing ff.o(i.f_opendir), (144 bytes).
    Removing ff.o(i.f_printf), (490 bytes).
    Removing ff.o(i.f_putc), (60 bytes).
    Removing ff.o(i.f_readdir), (92 bytes).
    Removing ff.o(i.f_rename), (376 bytes).
    Removing ff.o(i.f_stat), (92 bytes).
    Removing ff.o(i.f_truncate), (190 bytes).
    Removing ff.o(i.f_unlink), (216 bytes).
    Removing ff.o(i.f_utime), (124 bytes).
    Removing ff.o(i.get_fileinfo), (190 bytes).
    Removing ff_gen_drv.o(.rev16_text), (4 bytes).
    Removing ff_gen_drv.o(.revsh_text), (4 bytes).
    Removing ff_gen_drv.o(.rrx_text), (6 bytes).
    Removing ff_gen_drv.o(i.FATFS_GetAttachedDriversNbr), (12 bytes).
    Removing ff_gen_drv.o(i.FATFS_UnLinkDriver), (6 bytes).
    Removing ff_gen_drv.o(i.FATFS_UnLinkDriverEx), (52 bytes).
    Removing syscall.o(.rev16_text), (4 bytes).
    Removing syscall.o(.revsh_text), (4 bytes).
    Removing syscall.o(.rrx_text), (6 bytes).
    Removing ccsbcs.o(.rev16_text), (4 bytes).
    Removing ccsbcs.o(.revsh_text), (4 bytes).
    Removing ccsbcs.o(.rrx_text), (6 bytes).
    Removing dadd.o(.text), (334 bytes).
    Removing dmul.o(.text), (228 bytes).
    Removing ddiv.o(.text), (222 bytes).
    Removing dfixul.o(.text), (48 bytes).
    Removing cdrcmple.o(.text), (48 bytes).

337 unused section(s) (total 29224 bytes) removed from the image.

==============================================================================

Image Symbol Table

    Local Symbols

    Symbol Name                              Value     Ov Type        Size  Object(Section)

    ../Drivers/STM32F1xx_HAL_Driver/Src/stm32f1xx_hal.c 0x00000000   Number         0  stm32f1xx_hal.o ABSOLUTE
    ../Drivers/STM32F1xx_HAL_Driver/Src/stm32f1xx_hal_cortex.c 0x00000000   Number         0  stm32f1xx_hal_cortex.o ABSOLUTE
    ../Drivers/STM32F1xx_HAL_Driver/Src/stm32f1xx_hal_dma.c 0x00000000   Number         0  stm32f1xx_hal_dma.o ABSOLUTE
    ../Drivers/STM32F1xx_HAL_Driver/Src/stm32f1xx_hal_exti.c 0x00000000   Number         0  stm32f1xx_hal_exti.o ABSOLUTE
    ../Drivers/STM32F1xx_HAL_Driver/Src/stm32f1xx_hal_flash.c 0x00000000   Number         0  stm32f1xx_hal_flash.o ABSOLUTE
    ../Drivers/STM32F1xx_HAL_Driver/Src/stm32f1xx_hal_flash_ex.c 0x00000000   Number         0  stm32f1xx_hal_flash_ex.o ABSOLUTE
    ../Drivers/STM32F1xx_HAL_Driver/Src/stm32f1xx_hal_gpio.c 0x00000000   Number         0  stm32f1xx_hal_gpio.o ABSOLUTE
    ../Drivers/STM32F1xx_HAL_Driver/Src/stm32f1xx_hal_gpio_ex.c 0x00000000   Number         0  stm32f1xx_hal_gpio_ex.o ABSOLUTE
    ../Drivers/STM32F1xx_HAL_Driver/Src/stm32f1xx_hal_pwr.c 0x00000000   Number         0  stm32f1xx_hal_pwr.o ABSOLUTE
    ../Drivers/STM32F1xx_HAL_Driver/Src/stm32f1xx_hal_rcc.c 0x00000000   Number         0  stm32f1xx_hal_rcc.o ABSOLUTE
    ../Drivers/STM32F1xx_HAL_Driver/Src/stm32f1xx_hal_rcc_ex.c 0x00000000   Number         0  stm32f1xx_hal_rcc_ex.o ABSOLUTE
    ../Drivers/STM32F1xx_HAL_Driver/Src/stm32f1xx_hal_spi.c 0x00000000   Number         0  stm32f1xx_hal_spi.o ABSOLUTE
    ../Drivers/STM32F1xx_HAL_Driver/Src/stm32f1xx_hal_tim.c 0x00000000   Number         0  stm32f1xx_hal_tim.o ABSOLUTE
    ../Drivers/STM32F1xx_HAL_Driver/Src/stm32f1xx_hal_tim_ex.c 0x00000000   Number         0  stm32f1xx_hal_tim_ex.o ABSOLUTE
    ../Drivers/STM32F1xx_HAL_Driver/Src/stm32f1xx_hal_uart.c 0x00000000   Number         0  stm32f1xx_hal_uart.o ABSOLUTE
    ../Middlewares/Third_Party/FatFs/src/diskio.c 0x00000000   Number         0  diskio.o ABSOLUTE
    ../Middlewares/Third_Party/FatFs/src/ff.c 0x00000000   Number         0  ff.o ABSOLUTE
    ../Middlewares/Third_Party/FatFs/src/ff_gen_drv.c 0x00000000   Number         0  ff_gen_drv.o ABSOLUTE
    ../Middlewares/Third_Party/FatFs/src/option/ccsbcs.c 0x00000000   Number         0  ccsbcs.o ABSOLUTE
    ../Middlewares/Third_Party/FatFs/src/option/syscall.c 0x00000000   Number         0  syscall.o ABSOLUTE
    ../Src/fatfs.c                           0x00000000   Number         0  fatfs.o ABSOLUTE
    ../Src/main.c                            0x00000000   Number         0  main.o ABSOLUTE
    ../Src/stm32f1xx_hal_msp.c               0x00000000   Number         0  stm32f1xx_hal_msp.o ABSOLUTE
    ../Src/stm32f1xx_it.c                    0x00000000   Number         0  stm32f1xx_it.o ABSOLUTE
    ../Src/system_stm32f1xx.c                0x00000000   Number         0  system_stm32f1xx.o ABSOLUTE
    ../Src/user_diskio.c                     0x00000000   Number         0  user_diskio.o ABSOLUTE
    ../clib/microlib/division.c              0x00000000   Number         0  uldiv.o ABSOLUTE
    ../clib/microlib/division.c              0x00000000   Number         0  uidiv.o ABSOLUTE
    ../clib/microlib/init/entry.s            0x00000000   Number         0  entry7b.o ABSOLUTE
    ../clib/microlib/init/entry.s            0x00000000   Number         0  entry5.o ABSOLUTE
    ../clib/microlib/init/entry.s            0x00000000   Number         0  entry7a.o ABSOLUTE
    ../clib/microlib/init/entry.s            0x00000000   Number         0  entry11b.o ABSOLUTE
    ../clib/microlib/init/entry.s            0x00000000   Number         0  entry10b.o ABSOLUTE
    ../clib/microlib/init/entry.s            0x00000000   Number         0  entry2.o ABSOLUTE
    ../clib/microlib/init/entry.s            0x00000000   Number         0  entry.o ABSOLUTE
    ../clib/microlib/init/entry.s            0x00000000   Number         0  entry10a.o ABSOLUTE
    ../clib/microlib/init/entry.s            0x00000000   Number         0  entry11a.o ABSOLUTE
    ../clib/microlib/init/entry.s            0x00000000   Number         0  entry9b.o ABSOLUTE
    ../clib/microlib/init/entry.s            0x00000000   Number         0  entry9a.o ABSOLUTE
    ../clib/microlib/init/entry.s            0x00000000   Number         0  entry8b.o ABSOLUTE
    ../clib/microlib/init/entry.s            0x00000000   Number         0  entry8a.o ABSOLUTE
    ../clib/microlib/longlong.c              0x00000000   Number         0  llsshr.o ABSOLUTE
    ../clib/microlib/longlong.c              0x00000000   Number         0  llushr.o ABSOLUTE
    ../clib/microlib/longlong.c              0x00000000   Number         0  llshl.o ABSOLUTE
    ../clib/microlib/printf/printf.c         0x00000000   Number         0  printf6.o ABSOLUTE
    ../clib/microlib/printf/printf.c         0x00000000   Number         0  printf2.o ABSOLUTE
    ../clib/microlib/printf/printf.c         0x00000000   Number         0  printf7.o ABSOLUTE
    ../clib/microlib/printf/printf.c         0x00000000   Number         0  printf8.o ABSOLUTE
    ../clib/microlib/printf/printf.c         0x00000000   Number         0  printfa.o ABSOLUTE
    ../clib/microlib/printf/printf.c         0x00000000   Number         0  printf4.o ABSOLUTE
    ../clib/microlib/printf/printf.c         0x00000000   Number         0  printfb.o ABSOLUTE
    ../clib/microlib/printf/printf.c         0x00000000   Number         0  printf3.o ABSOLUTE
    ../clib/microlib/printf/printf.c         0x00000000   Number         0  printf0.o ABSOLUTE
    ../clib/microlib/printf/printf.c         0x00000000   Number         0  printf1.o ABSOLUTE
    ../clib/microlib/printf/printf.c         0x00000000   Number         0  printf5.o ABSOLUTE
    ../clib/microlib/printf/stubs.s          0x00000000   Number         0  stubs.o ABSOLUTE
    ../clib/microlib/stdio/fputc.c           0x00000000   Number         0  fputc.o ABSOLUTE
    ../clib/microlib/stdio/semi.s            0x00000000   Number         0  semi.o ABSOLUTE
    ../clib/microlib/stdio/streams.c         0x00000000   Number         0  stdout.o ABSOLUTE
    ../clib/microlib/string/memset.c         0x00000000   Number         0  memseta.o ABSOLUTE
    ../clib/microlib/string/strlen.c         0x00000000   Number         0  strlen.o ABSOLUTE
    ../clib/microlib/stubs.s                 0x00000000   Number         0  iusesemip.o ABSOLUTE
    ../clib/microlib/stubs.s                 0x00000000   Number         0  iusefp.o ABSOLUTE
    ../fplib/microlib/fpadd.c                0x00000000   Number         0  dadd.o ABSOLUTE
    ../fplib/microlib/fpdiv.c                0x00000000   Number         0  ddiv.o ABSOLUTE
    ../fplib/microlib/fpepilogue.c           0x00000000   Number         0  depilogue.o ABSOLUTE
    ../fplib/microlib/fpfix.c                0x00000000   Number         0  dfixui.o ABSOLUTE
    ../fplib/microlib/fpfix.c                0x00000000   Number         0  dfixul.o ABSOLUTE
    ../fplib/microlib/fpflt.c                0x00000000   Number         0  dfltui.o ABSOLUTE
    ../fplib/microlib/fpmul.c                0x00000000   Number         0  dmul.o ABSOLUTE
    ../fplib/microlib/fpscalb.c              0x00000000   Number         0  dscalb.o ABSOLUTE
    ..\Drivers\STM32F1xx_HAL_Driver\Src\stm32f1xx_hal.c 0x00000000   Number         0  stm32f1xx_hal.o ABSOLUTE
    ..\Drivers\STM32F1xx_HAL_Driver\Src\stm32f1xx_hal_cortex.c 0x00000000   Number         0  stm32f1xx_hal_cortex.o ABSOLUTE
    ..\Drivers\STM32F1xx_HAL_Driver\Src\stm32f1xx_hal_dma.c 0x00000000   Number         0  stm32f1xx_hal_dma.o ABSOLUTE
    ..\Drivers\STM32F1xx_HAL_Driver\Src\stm32f1xx_hal_exti.c 0x00000000   Number         0  stm32f1xx_hal_exti.o ABSOLUTE
    ..\Drivers\STM32F1xx_HAL_Driver\Src\stm32f1xx_hal_flash.c 0x00000000   Number         0  stm32f1xx_hal_flash.o ABSOLUTE
    ..\Drivers\STM32F1xx_HAL_Driver\Src\stm32f1xx_hal_flash_ex.c 0x00000000   Number         0  stm32f1xx_hal_flash_ex.o ABSOLUTE
    ..\Drivers\STM32F1xx_HAL_Driver\Src\stm32f1xx_hal_gpio.c 0x00000000   Number         0  stm32f1xx_hal_gpio.o ABSOLUTE
    ..\Drivers\STM32F1xx_HAL_Driver\Src\stm32f1xx_hal_gpio_ex.c 0x00000000   Number         0  stm32f1xx_hal_gpio_ex.o ABSOLUTE
    ..\Drivers\STM32F1xx_HAL_Driver\Src\stm32f1xx_hal_pwr.c 0x00000000   Number         0  stm32f1xx_hal_pwr.o ABSOLUTE
    ..\Drivers\STM32F1xx_HAL_Driver\Src\stm32f1xx_hal_rcc.c 0x00000000   Number         0  stm32f1xx_hal_rcc.o ABSOLUTE
    ..\Drivers\STM32F1xx_HAL_Driver\Src\stm32f1xx_hal_rcc_ex.c 0x00000000   Number         0  stm32f1xx_hal_rcc_ex.o ABSOLUTE
    ..\Drivers\STM32F1xx_HAL_Driver\Src\stm32f1xx_hal_spi.c 0x00000000   Number         0  stm32f1xx_hal_spi.o ABSOLUTE
    ..\Drivers\STM32F1xx_HAL_Driver\Src\stm32f1xx_hal_tim.c 0x00000000   Number         0  stm32f1xx_hal_tim.o ABSOLUTE
    ..\Drivers\STM32F1xx_HAL_Driver\Src\stm32f1xx_hal_tim_ex.c 0x00000000   Number         0  stm32f1xx_hal_tim_ex.o ABSOLUTE
    ..\Drivers\STM32F1xx_HAL_Driver\Src\stm32f1xx_hal_uart.c 0x00000000   Number         0  stm32f1xx_hal_uart.o ABSOLUTE
    ..\Middlewares\Third_Party\FatFs\src\diskio.c 0x00000000   Number         0  diskio.o ABSOLUTE
    ..\Middlewares\Third_Party\FatFs\src\ff.c 0x00000000   Number         0  ff.o ABSOLUTE
    ..\Middlewares\Third_Party\FatFs\src\ff_gen_drv.c 0x00000000   Number         0  ff_gen_drv.o ABSOLUTE
    ..\Middlewares\Third_Party\FatFs\src\option\ccsbcs.c 0x00000000   Number         0  ccsbcs.o ABSOLUTE
    ..\Middlewares\Third_Party\FatFs\src\option\syscall.c 0x00000000   Number         0  syscall.o ABSOLUTE
    ..\Src\fatfs.c                           0x00000000   Number         0  fatfs.o ABSOLUTE
    ..\Src\fatfs_sd.c                        0x00000000   Number         0  fatfs_sd.o ABSOLUTE
    ..\Src\main.c                            0x00000000   Number         0  main.o ABSOLUTE
    ..\Src\stm32f1xx_hal_msp.c               0x00000000   Number         0  stm32f1xx_hal_msp.o ABSOLUTE
    ..\Src\stm32f1xx_it.c                    0x00000000   Number         0  stm32f1xx_it.o ABSOLUTE
    ..\Src\system_stm32f1xx.c                0x00000000   Number         0  system_stm32f1xx.o ABSOLUTE
    ..\Src\user_diskio.c                     0x00000000   Number         0  user_diskio.o ABSOLUTE
    ..\\Src\\fatfs_sd.c                      0x00000000   Number         0  fatfs_sd.o ABSOLUTE
    cdrcmple.s                               0x00000000   Number         0  cdrcmple.o ABSOLUTE
    dc.s                                     0x00000000   Number         0  dc.o ABSOLUTE
    handlers.s                               0x00000000   Number         0  handlers.o ABSOLUTE
    init.s                                   0x00000000   Number         0  init.o ABSOLUTE
    startup_stm32f103xb.s                    0x00000000   Number         0  startup_stm32f103xb.o ABSOLUTE
    RESET                                    0x08000000   Section      236  startup_stm32f103xb.o(RESET)
    .ARM.Collect$$$$00000000                 0x080000ec   Section        0  entry.o(.ARM.Collect$$$$00000000)
    .ARM.Collect$$$$00000001                 0x080000ec   Section        4  entry2.o(.ARM.Collect$$$$00000001)
    .ARM.Collect$$$$00000004                 0x080000f0   Section        4  entry5.o(.ARM.Collect$$$$00000004)
    .ARM.Collect$$$$00000008                 0x080000f4   Section        0  entry7b.o(.ARM.Collect$$$$00000008)
    .ARM.Collect$$$$0000000A                 0x080000f4   Section        0  entry8b.o(.ARM.Collect$$$$0000000A)
    .ARM.Collect$$$$0000000B                 0x080000f4   Section        8  entry9a.o(.ARM.Collect$$$$0000000B)
    .ARM.Collect$$$$0000000D                 0x080000fc   Section        0  entry10a.o(.ARM.Collect$$$$0000000D)
    .ARM.Collect$$$$0000000F                 0x080000fc   Section        0  entry11a.o(.ARM.Collect$$$$0000000F)
    .ARM.Collect$$$$00002712                 0x080000fc   Section        4  entry2.o(.ARM.Collect$$$$00002712)
    __lit__00000000                          0x080000fc   Data           4  entry2.o(.ARM.Collect$$$$00002712)
    .text                                    0x08000100   Section       36  startup_stm32f103xb.o(.text)
    .text                                    0x08000124   Section        0  llushr.o(.text)
    .text                                    0x08000144   Section        0  memseta.o(.text)
    .text                                    0x08000168   Section        0  strlen.o(.text)
    .text                                    0x08000176   Section        0  dscalb.o(.text)
    .text                                    0x080001a4   Section        0  dfltui.o(.text)
    .text                                    0x080001be   Section        0  dfixui.o(.text)
    .text                                    0x080001f0   Section        0  uldiv.o(.text)
    .text                                    0x08000252   Section        0  iusefp.o(.text)
    .text                                    0x08000252   Section        0  depilogue.o(.text)
    .text                                    0x0800030c   Section       36  init.o(.text)
    .text                                    0x08000330   Section        0  llshl.o(.text)
    i.BusFault_Handler                       0x0800034e   Section        0  stm32f1xx_it.o(i.BusFault_Handler)
    i.DESELECT                               0x08000350   Section        0  fatfs_sd.o(i.DESELECT)
    DESELECT                                 0x08000351   Thumb Code    22  fatfs_sd.o(i.DESELECT)
    i.DebugMon_Handler                       0x0800036c   Section        0  stm32f1xx_it.o(i.DebugMon_Handler)
    i.FATFS_LinkDriver                       0x0800036e   Section        0  ff_gen_drv.o(i.FATFS_LinkDriver)
    i.FATFS_LinkDriverEx                     0x08000374   Section        0  ff_gen_drv.o(i.FATFS_LinkDriverEx)
    i.HAL_Delay                              0x080003b4   Section        0  stm32f1xx_hal.o(i.HAL_Delay)
    i.HAL_GPIO_Init                          0x080003d8   Section        0  stm32f1xx_hal_gpio.o(i.HAL_GPIO_Init)
    i.HAL_GPIO_WritePin                      0x080005b8   Section        0  stm32f1xx_hal_gpio.o(i.HAL_GPIO_WritePin)
    i.HAL_GetTick                            0x080005c4   Section        0  stm32f1xx_hal.o(i.HAL_GetTick)
    i.HAL_IncTick                            0x080005d0   Section        0  stm32f1xx_hal.o(i.HAL_IncTick)
    i.HAL_Init                               0x080005e0   Section        0  stm32f1xx_hal.o(i.HAL_Init)
    i.HAL_InitTick                           0x08000604   Section        0  stm32f1xx_hal.o(i.HAL_InitTick)
    i.HAL_MspInit                            0x08000644   Section        0  stm32f1xx_hal_msp.o(i.HAL_MspInit)
    i.HAL_NVIC_SetPriority                   0x08000680   Section        0  stm32f1xx_hal_cortex.o(i.HAL_NVIC_SetPriority)
    i.HAL_NVIC_SetPriorityGrouping           0x080006c0   Section        0  stm32f1xx_hal_cortex.o(i.HAL_NVIC_SetPriorityGrouping)
    i.HAL_RCC_ClockConfig                    0x080006e4   Section        0  stm32f1xx_hal_rcc.o(i.HAL_RCC_ClockConfig)
    i.HAL_RCC_GetPCLK1Freq                   0x08000810   Section        0  stm32f1xx_hal_rcc.o(i.HAL_RCC_GetPCLK1Freq)
    i.HAL_RCC_GetPCLK2Freq                   0x08000830   Section        0  stm32f1xx_hal_rcc.o(i.HAL_RCC_GetPCLK2Freq)
    i.HAL_RCC_GetSysClockFreq                0x08000850   Section        0  stm32f1xx_hal_rcc.o(i.HAL_RCC_GetSysClockFreq)
    i.HAL_RCC_OscConfig                      0x080008bc   Section        0  stm32f1xx_hal_rcc.o(i.HAL_RCC_OscConfig)
    i.HAL_SPI_Init                           0x08000bdc   Section        0  stm32f1xx_hal_spi.o(i.HAL_SPI_Init)
    i.HAL_SPI_MspInit                        0x08000c58   Section        0  stm32f1xx_hal_msp.o(i.HAL_SPI_MspInit)
    i.HAL_SPI_Transmit                       0x08000cc8   Section        0  stm32f1xx_hal_spi.o(i.HAL_SPI_Transmit)
    i.HAL_SPI_TransmitReceive                0x08000e24   Section        0  stm32f1xx_hal_spi.o(i.HAL_SPI_TransmitReceive)
    i.HAL_SYSTICK_Config                     0x08001006   Section        0  stm32f1xx_hal_cortex.o(i.HAL_SYSTICK_Config)
    i.HAL_UART_Init                          0x0800102e   Section        0  stm32f1xx_hal_uart.o(i.HAL_UART_Init)
    i.HAL_UART_MspInit                       0x08001090   Section        0  stm32f1xx_hal_msp.o(i.HAL_UART_MspInit)
    i.HAL_UART_Transmit                      0x08001100   Section        0  stm32f1xx_hal_uart.o(i.HAL_UART_Transmit)
    i.HardFault_Handler                      0x080011ba   Section        0  stm32f1xx_it.o(i.HardFault_Handler)
    i.MX_FATFS_Init                          0x080011bc   Section        0  fatfs.o(i.MX_FATFS_Init)
    i.MX_GPIO_Init                           0x080011d8   Section        0  main.o(i.MX_GPIO_Init)
    MX_GPIO_Init                             0x080011d9   Thumb Code   100  main.o(i.MX_GPIO_Init)
    i.MX_SPI1_Init                           0x08001244   Section        0  main.o(i.MX_SPI1_Init)
    MX_SPI1_Init                             0x08001245   Thumb Code    46  main.o(i.MX_SPI1_Init)
    i.MemManage_Handler                      0x0800127c   Section        0  stm32f1xx_it.o(i.MemManage_Handler)
    i.NMI_Handler                            0x0800127e   Section        0  stm32f1xx_it.o(i.NMI_Handler)
    i.PendSV_Handler                         0x08001280   Section        0  stm32f1xx_it.o(i.PendSV_Handler)
    i.SDTimer_Handler                        0x08001284   Section        0  stm32f1xx_it.o(i.SDTimer_Handler)
    i.SD_PowerOn                             0x080012a4   Section        0  fatfs_sd.o(i.SD_PowerOn)
    SD_PowerOn                               0x080012a5   Thumb Code   106  fatfs_sd.o(i.SD_PowerOn)
    i.SD_ReadyWait                           0x08001314   Section        0  fatfs_sd.o(i.SD_ReadyWait)
    SD_ReadyWait                             0x08001315   Thumb Code    28  fatfs_sd.o(i.SD_ReadyWait)
    i.SD_RxDataBlock                         0x08001334   Section        0  fatfs_sd.o(i.SD_RxDataBlock)
    SD_RxDataBlock                           0x08001335   Thumb Code    62  fatfs_sd.o(i.SD_RxDataBlock)
    i.SD_SendCmd                             0x08001378   Section        0  fatfs_sd.o(i.SD_SendCmd)
    SD_SendCmd                               0x08001379   Thumb Code   110  fatfs_sd.o(i.SD_SendCmd)
    i.SD_TxDataBlock                         0x080013e6   Section        0  fatfs_sd.o(i.SD_TxDataBlock)
    SD_TxDataBlock                           0x080013e7   Thumb Code    90  fatfs_sd.o(i.SD_TxDataBlock)
    i.SD_disk_initialize                     0x08001440   Section        0  fatfs_sd.o(i.SD_disk_initialize)
    i.SD_disk_ioctl                          0x0800157c   Section        0  fatfs_sd.o(i.SD_disk_ioctl)
    i.SD_disk_read                           0x080016bc   Section        0  fatfs_sd.o(i.SD_disk_read)
    i.SD_disk_status                         0x08001754   Section        0  fatfs_sd.o(i.SD_disk_status)
    i.SD_disk_write                          0x08001764   Section        0  fatfs_sd.o(i.SD_disk_write)
    i.SELECT                                 0x0800181c   Section        0  fatfs_sd.o(i.SELECT)
    SELECT                                   0x0800181d   Thumb Code    22  fatfs_sd.o(i.SELECT)
    i.SPI_EndRxTxTransaction                 0x08001838   Section        0  stm32f1xx_hal_spi.o(i.SPI_EndRxTxTransaction)
    SPI_EndRxTxTransaction                   0x08001839   Thumb Code    32  stm32f1xx_hal_spi.o(i.SPI_EndRxTxTransaction)
    i.SPI_RxByte                             0x08001858   Section        0  fatfs_sd.o(i.SPI_RxByte)
    SPI_RxByte                               0x08001859   Thumb Code    40  fatfs_sd.o(i.SPI_RxByte)
    i.SPI_TxBuffer                           0x08001884   Section        0  fatfs_sd.o(i.SPI_TxBuffer)
    SPI_TxBuffer                             0x08001885   Thumb Code    22  fatfs_sd.o(i.SPI_TxBuffer)
    i.SPI_TxByte                             0x080018a0   Section        0  fatfs_sd.o(i.SPI_TxByte)
    SPI_TxByte                               0x080018a1   Thumb Code    26  fatfs_sd.o(i.SPI_TxByte)
    i.SPI_WaitFlagStateUntilTimeout          0x080018c0   Section        0  stm32f1xx_hal_spi.o(i.SPI_WaitFlagStateUntilTimeout)
    SPI_WaitFlagStateUntilTimeout            0x080018c1   Thumb Code   148  stm32f1xx_hal_spi.o(i.SPI_WaitFlagStateUntilTimeout)
    i.SVC_Handler                            0x08001954   Section        0  stm32f1xx_it.o(i.SVC_Handler)
    i.SysTick_Handler                        0x08001958   Section        0  stm32f1xx_it.o(i.SysTick_Handler)
    i.SystemClock_Config                     0x0800197c   Section        0  main.o(i.SystemClock_Config)
    i.SystemInit                             0x080019cc   Section        0  system_stm32f1xx.o(i.SystemInit)
    i.UART_SetConfig                         0x08001a14   Section        0  stm32f1xx_hal_uart.o(i.UART_SetConfig)
    UART_SetConfig                           0x08001a15   Thumb Code   178  stm32f1xx_hal_uart.o(i.UART_SetConfig)
    i.UART_WaitOnFlagUntilTimeout            0x08001acc   Section        0  stm32f1xx_hal_uart.o(i.UART_WaitOnFlagUntilTimeout)
    UART_WaitOnFlagUntilTimeout              0x08001acd   Thumb Code   100  stm32f1xx_hal_uart.o(i.UART_WaitOnFlagUntilTimeout)
    i.USER_initialize                        0x08001b30   Section        0  user_diskio.o(i.USER_initialize)
    i.USER_ioctl                             0x08001b3a   Section        0  user_diskio.o(i.USER_ioctl)
    i.USER_read                              0x08001b44   Section        0  user_diskio.o(i.USER_read)
    i.USER_status                            0x08001b4e   Section        0  user_diskio.o(i.USER_status)
    i.USER_write                             0x08001b58   Section        0  user_diskio.o(i.USER_write)
    i.UsageFault_Handler                     0x08001b62   Section        0  stm32f1xx_it.o(i.UsageFault_Handler)
    i.__0sprintf$4                           0x08001b64   Section        0  printf4.o(i.__0sprintf$4)
    i.__NVIC_SetPriority                     0x08001b8c   Section        0  stm32f1xx_hal_cortex.o(i.__NVIC_SetPriority)
    __NVIC_SetPriority                       0x08001b8d   Thumb Code    32  stm32f1xx_hal_cortex.o(i.__NVIC_SetPriority)
    i.__scatterload_copy                     0x08001bac   Section       14  handlers.o(i.__scatterload_copy)
    i.__scatterload_null                     0x08001bba   Section        2  handlers.o(i.__scatterload_null)
    i.__scatterload_zeroinit                 0x08001bbc   Section       14  handlers.o(i.__scatterload_zeroinit)
    i._printf_core                           0x08001bcc   Section        0  printf4.o(i._printf_core)
    _printf_core                             0x08001bcd   Thumb Code   552  printf4.o(i._printf_core)
    i._sputc                                 0x08001df8   Section        0  printf4.o(i._sputc)
    _sputc                                   0x08001df9   Thumb Code    10  printf4.o(i._sputc)
    i.bufclear                               0x08001e04   Section        0  main.o(i.bufclear)
    i.check_fs                               0x08001e1c   Section        0  ff.o(i.check_fs)
    check_fs                                 0x08001e1d   Thumb Code    90  ff.o(i.check_fs)
    i.chk_chr                                0x08001e7c   Section        0  ff.o(i.chk_chr)
    chk_chr                                  0x08001e7d   Thumb Code    16  ff.o(i.chk_chr)
    i.chk_lock                               0x08001e8c   Section        0  ff.o(i.chk_lock)
    chk_lock                                 0x08001e8d   Thumb Code   100  ff.o(i.chk_lock)
    i.clear_lock                             0x08001ef4   Section        0  ff.o(i.clear_lock)
    clear_lock                               0x08001ef5   Thumb Code    32  ff.o(i.clear_lock)
    i.clmt_clust                             0x08001f18   Section        0  ff.o(i.clmt_clust)
    clmt_clust                               0x08001f19   Thumb Code    46  ff.o(i.clmt_clust)
    i.clust2sect                             0x08001f46   Section        0  ff.o(i.clust2sect)
    i.create_chain                           0x08001f62   Section        0  ff.o(i.create_chain)
    create_chain                             0x08001f63   Thumb Code   164  ff.o(i.create_chain)
    i.create_name                            0x08002008   Section        0  ff.o(i.create_name)
    create_name                              0x08002009   Thumb Code   492  ff.o(i.create_name)
    i.dec_lock                               0x0800220c   Section        0  ff.o(i.dec_lock)
    dec_lock                                 0x0800220d   Thumb Code    54  ff.o(i.dec_lock)
    i.dir_find                               0x08002248   Section        0  ff.o(i.dir_find)
    dir_find                                 0x08002249   Thumb Code   314  ff.o(i.dir_find)
    i.dir_next                               0x08002388   Section        0  ff.o(i.dir_next)
    dir_next                                 0x08002389   Thumb Code   284  ff.o(i.dir_next)
    i.dir_register                           0x080024a4   Section        0  ff.o(i.dir_register)
    dir_register                             0x080024a5   Thumb Code   444  ff.o(i.dir_register)
    i.dir_sdi                                0x08002664   Section        0  ff.o(i.dir_sdi)
    dir_sdi                                  0x08002665   Thumb Code   154  ff.o(i.dir_sdi)
    i.disk_initialize                        0x08002700   Section        0  diskio.o(i.disk_initialize)
    i.disk_ioctl                             0x08002728   Section        0  diskio.o(i.disk_ioctl)
    i.disk_read                              0x08002744   Section        0  diskio.o(i.disk_read)
    i.disk_status                            0x08002760   Section        0  diskio.o(i.disk_status)
    i.disk_write                             0x08002778   Section        0  diskio.o(i.disk_write)
    i.f_close                                0x08002794   Section        0  ff.o(i.f_close)
    i.f_getfree                              0x080027be   Section        0  ff.o(i.f_getfree)
    i.f_gets                                 0x08002880   Section        0  ff.o(i.f_gets)
    i.f_mount                                0x080028c8   Section        0  ff.o(i.f_mount)
    i.f_open                                 0x0800292c   Section        0  ff.o(i.f_open)
    i.f_puts                                 0x08002b1c   Section        0  ff.o(i.f_puts)
    i.f_read                                 0x08002b62   Section        0  ff.o(i.f_read)
    i.f_sync                                 0x08002cf0   Section        0  ff.o(i.f_sync)
    i.f_write                                0x08002d92   Section        0  ff.o(i.f_write)
    i.ff_convert                             0x08002f58   Section        0  ccsbcs.o(i.ff_convert)
    i.ff_wtoupper                            0x08002f90   Section        0  ccsbcs.o(i.ff_wtoupper)
    i.find_volume                            0x08002fb4   Section        0  ff.o(i.find_volume)
    find_volume                              0x08002fb5   Thumb Code   606  ff.o(i.find_volume)
    i.follow_path                            0x08003220   Section        0  ff.o(i.follow_path)
    follow_path                              0x08003221   Thumb Code   106  ff.o(i.follow_path)
    i.gen_numname                            0x0800328c   Section        0  ff.o(i.gen_numname)
    gen_numname                              0x0800328d   Thumb Code   122  ff.o(i.gen_numname)
    i.get_fat                                0x0800330c   Section        0  ff.o(i.get_fat)
    i.get_fattime                            0x080033f2   Section        0  fatfs.o(i.get_fattime)
    i.get_ldnumber                           0x080033f6   Section        0  ff.o(i.get_ldnumber)
    get_ldnumber                             0x080033f7   Thumb Code    60  ff.o(i.get_ldnumber)
    i.inc_lock                               0x08003434   Section        0  ff.o(i.inc_lock)
    inc_lock                                 0x08003435   Thumb Code   146  ff.o(i.inc_lock)
    i.ld_clust                               0x080034cc   Section        0  ff.o(i.ld_clust)
    ld_clust                                 0x080034cd   Thumb Code    22  ff.o(i.ld_clust)
    i.main                                   0x080034e4   Section        0  main.o(i.main)
    i.mem_cpy                                0x080036d4   Section        0  ff.o(i.mem_cpy)
    mem_cpy                                  0x080036d5   Thumb Code    18  ff.o(i.mem_cpy)
    i.mem_set                                0x080036e6   Section        0  ff.o(i.mem_set)
    mem_set                                  0x080036e7   Thumb Code    14  ff.o(i.mem_set)
    i.move_window                            0x080036f4   Section        0  ff.o(i.move_window)
    move_window                              0x080036f5   Thumb Code    56  ff.o(i.move_window)
    i.put_fat                                0x0800372c   Section        0  ff.o(i.put_fat)
    i.putc_bfd                               0x0800384a   Section        0  ff.o(i.putc_bfd)
    putc_bfd                                 0x0800384b   Thumb Code    70  ff.o(i.putc_bfd)
    i.remove_chain                           0x08003890   Section        0  ff.o(i.remove_chain)
    remove_chain                             0x08003891   Thumb Code   102  ff.o(i.remove_chain)
    i.send_uart                              0x080038f8   Section        0  main.o(i.send_uart)
    i.st_clust                               0x08003918   Section        0  ff.o(i.st_clust)
    st_clust                                 0x08003919   Thumb Code    16  ff.o(i.st_clust)
    i.sum_sfn                                0x08003928   Section        0  ff.o(i.sum_sfn)
    sum_sfn                                  0x08003929   Thumb Code    26  ff.o(i.sum_sfn)
    i.sync_fs                                0x08003942   Section        0  ff.o(i.sync_fs)
    sync_fs                                  0x08003943   Thumb Code   168  ff.o(i.sync_fs)
    i.sync_window                            0x080039ea   Section        0  ff.o(i.sync_window)
    sync_window                              0x080039eb   Thumb Code    82  ff.o(i.sync_window)
    i.validate                               0x08003a3c   Section        0  ff.o(i.validate)
    validate                                 0x08003a3d   Thumb Code    42  ff.o(i.validate)
    .constdata                               0x08003a66   Section       16  system_stm32f1xx.o(.constdata)
    .constdata                               0x08003a76   Section        8  system_stm32f1xx.o(.constdata)
    .constdata                               0x08003a7e   Section      186  ff.o(.constdata)
    ExCvt                                    0x08003a7e   Data         128  ff.o(.constdata)
    LfnOfs                                   0x08003afe   Data          13  ff.o(.constdata)
    vst                                      0x08003b0c   Data          22  ff.o(.constdata)
    cst                                      0x08003b22   Data          22  ff.o(.constdata)
    .constdata                               0x08003b38   Section     1216  ccsbcs.o(.constdata)
    Tbl                                      0x08003b38   Data         256  ccsbcs.o(.constdata)
    tbl_lower                                0x08003c38   Data         480  ccsbcs.o(.constdata)
    tbl_upper                                0x08003e18   Data         480  ccsbcs.o(.constdata)
    .conststring                             0x08003ff8   Section       72  main.o(.conststring)
    .data                                    0x20000000   Section       20  main.o(.data)
    .data                                    0x20000014   Section       20  user_diskio.o(.data)
    .data                                    0x20000028   Section        5  fatfs.o(.data)
    .data                                    0x2000002e   Section        6  stm32f1xx_it.o(.data)
    .data                                    0x20000034   Section        3  fatfs_sd.o(.data)
    Stat                                     0x20000034   Data           1  fatfs_sd.o(.data)
    PowerFlag                                0x20000035   Data           1  fatfs_sd.o(.data)
    CardType                                 0x20000036   Data           1  fatfs_sd.o(.data)
    .data                                    0x20000038   Section       12  stm32f1xx_hal.o(.data)
    .data                                    0x20000044   Section        4  system_stm32f1xx.o(.data)
    .data                                    0x20000048   Section        8  ff.o(.data)
    Fsid                                     0x20000048   Data           2  ff.o(.data)
    FatFs                                    0x2000004c   Data           4  ff.o(.data)
    .bss                                     0x20000050   Section     9460  main.o(.bss)
    .bss                                     0x20002544   Section      536  ff.o(.bss)
    Files                                    0x20002544   Data          24  ff.o(.bss)
    LfnBuf                                   0x2000255c   Data         512  ff.o(.bss)
    .bss                                     0x2000275c   Section       12  ff_gen_drv.o(.bss)
    STACK                                    0x20002768   Section     1024  startup_stm32f103xb.o(STACK)

    Global Symbols

    Symbol Name                              Value     Ov Type        Size  Object(Section)

    BuildAttributes$$THM_ISAv4$P$D$K$B$S$PE$A:L22UL41UL21$X:L11$S22US41US21$IEEE1$IW$USESV6$~STKCKD$USESV7$~SHL$OSPACE$ROPI$EBA8$MICROLIB$REQ8$PRES8$EABIv2 0x00000000   Number         0  anon$$obj.o ABSOLUTE
    __ARM_use_no_argv                        0x00000000   Number         0  main.o ABSOLUTE
    _printf_a                                0x00000000   Number         0  stubs.o ABSOLUTE
    _printf_c                                0x00000000   Number         0  stubs.o ABSOLUTE
    _printf_charcount                        0x00000000   Number         0  stubs.o ABSOLUTE
    _printf_d                                0x00000000   Number         0  stubs.o ABSOLUTE
    _printf_e                                0x00000000   Number         0  stubs.o ABSOLUTE
    _printf_f                                0x00000000   Number         0  stubs.o ABSOLUTE
    _printf_flags                            0x00000000   Number         0  stubs.o ABSOLUTE
    _printf_fp_dec                           0x00000000   Number         0  stubs.o ABSOLUTE
    _printf_fp_hex                           0x00000000   Number         0  stubs.o ABSOLUTE
    _printf_g                                0x00000000   Number         0  stubs.o ABSOLUTE
    _printf_i                                0x00000000   Number         0  stubs.o ABSOLUTE
    _printf_int_dec                          0x00000000   Number         0  stubs.o ABSOLUTE
    _printf_l                                0x00000000   Number         0  stubs.o ABSOLUTE
    _printf_lc                               0x00000000   Number         0  stubs.o ABSOLUTE
    _printf_ll                               0x00000000   Number         0  stubs.o ABSOLUTE
    _printf_lld                              0x00000000   Number         0  stubs.o ABSOLUTE
    _printf_lli                              0x00000000   Number         0  stubs.o ABSOLUTE
    _printf_llo                              0x00000000   Number         0  stubs.o ABSOLUTE
    _printf_llu                              0x00000000   Number         0  stubs.o ABSOLUTE
    _printf_llx                              0x00000000   Number         0  stubs.o ABSOLUTE
    _printf_longlong_dec                     0x00000000   Number         0  stubs.o ABSOLUTE
    _printf_longlong_hex                     0x00000000   Number         0  stubs.o ABSOLUTE
    _printf_longlong_oct                     0x00000000   Number         0  stubs.o ABSOLUTE
    _printf_ls                               0x00000000   Number         0  stubs.o ABSOLUTE
    _printf_mbtowc                           0x00000000   Number         0  stubs.o ABSOLUTE
    _printf_n                                0x00000000   Number         0  stubs.o ABSOLUTE
    _printf_o                                0x00000000   Number         0  stubs.o ABSOLUTE
    _printf_p                                0x00000000   Number         0  stubs.o ABSOLUTE
    _printf_percent                          0x00000000   Number         0  stubs.o ABSOLUTE
    _printf_pre_padding                      0x00000000   Number         0  stubs.o ABSOLUTE
    _printf_return_value                     0x00000000   Number         0  stubs.o ABSOLUTE
    _printf_s                                0x00000000   Number         0  stubs.o ABSOLUTE
    _printf_sizespec                         0x00000000   Number         0  stubs.o ABSOLUTE
    _printf_str                              0x00000000   Number         0  stubs.o ABSOLUTE
    _printf_truncate_signed                  0x00000000   Number         0  stubs.o ABSOLUTE
    _printf_truncate_unsigned                0x00000000   Number         0  stubs.o ABSOLUTE
    _printf_u                                0x00000000   Number         0  stubs.o ABSOLUTE
    _printf_wc                               0x00000000   Number         0  stubs.o ABSOLUTE
    _printf_wctomb                           0x00000000   Number         0  stubs.o ABSOLUTE
    _printf_widthprec                        0x00000000   Number         0  stubs.o ABSOLUTE
    _printf_x                                0x00000000   Number         0  stubs.o ABSOLUTE
    __cpp_initialize__aeabi_                  - Undefined Weak Reference
    __cxa_finalize                            - Undefined Weak Reference
    __decompress                              - Undefined Weak Reference
    _clock_init                               - Undefined Weak Reference
    _microlib_exit                            - Undefined Weak Reference
    __Vectors_Size                           0x000000ec   Number         0  startup_stm32f103xb.o ABSOLUTE
    __Vectors                                0x08000000   Data           4  startup_stm32f103xb.o(RESET)
    __Vectors_End                            0x080000ec   Data           0  startup_stm32f103xb.o(RESET)
    __main                                   0x080000ed   Thumb Code     0  entry.o(.ARM.Collect$$$$00000000)
    _main_stk                                0x080000ed   Thumb Code     0  entry2.o(.ARM.Collect$$$$00000001)
    _main_scatterload                        0x080000f1   Thumb Code     0  entry5.o(.ARM.Collect$$$$00000004)
    __main_after_scatterload                 0x080000f5   Thumb Code     0  entry5.o(.ARM.Collect$$$$00000004)
    _main_clock                              0x080000f5   Thumb Code     0  entry7b.o(.ARM.Collect$$$$00000008)
    _main_cpp_init                           0x080000f5   Thumb Code     0  entry8b.o(.ARM.Collect$$$$0000000A)
    _main_init                               0x080000f5   Thumb Code     0  entry9a.o(.ARM.Collect$$$$0000000B)
    __rt_final_cpp                           0x080000fd   Thumb Code     0  entry10a.o(.ARM.Collect$$$$0000000D)
    __rt_final_exit                          0x080000fd   Thumb Code     0  entry11a.o(.ARM.Collect$$$$0000000F)
    Reset_Handler                            0x08000101   Thumb Code     8  startup_stm32f103xb.o(.text)
    ADC1_2_IRQHandler                        0x0800011b   Thumb Code     0  startup_stm32f103xb.o(.text)
    CAN1_RX1_IRQHandler                      0x0800011b   Thumb Code     0  startup_stm32f103xb.o(.text)
    CAN1_SCE_IRQHandler                      0x0800011b   Thumb Code     0  startup_stm32f103xb.o(.text)
    DMA1_Channel1_IRQHandler                 0x0800011b   Thumb Code     0  startup_stm32f103xb.o(.text)
    DMA1_Channel2_IRQHandler                 0x0800011b   Thumb Code     0  startup_stm32f103xb.o(.text)
    DMA1_Channel3_IRQHandler                 0x0800011b   Thumb Code     0  startup_stm32f103xb.o(.text)
    DMA1_Channel4_IRQHandler                 0x0800011b   Thumb Code     0  startup_stm32f103xb.o(.text)
    DMA1_Channel5_IRQHandler                 0x0800011b   Thumb Code     0  startup_stm32f103xb.o(.text)
    DMA1_Channel6_IRQHandler                 0x0800011b   Thumb Code     0  startup_stm32f103xb.o(.text)
    DMA1_Channel7_IRQHandler                 0x0800011b   Thumb Code     0  startup_stm32f103xb.o(.text)
    EXTI0_IRQHandler                         0x0800011b   Thumb Code     0  startup_stm32f103xb.o(.text)
    EXTI15_10_IRQHandler                     0x0800011b   Thumb Code     0  startup_stm32f103xb.o(.text)
    EXTI1_IRQHandler                         0x0800011b   Thumb Code     0  startup_stm32f103xb.o(.text)
    EXTI2_IRQHandler                         0x0800011b   Thumb Code     0  startup_stm32f103xb.o(.text)
    EXTI3_IRQHandler                         0x0800011b   Thumb Code     0  startup_stm32f103xb.o(.text)
    EXTI4_IRQHandler                         0x0800011b   Thumb Code     0  startup_stm32f103xb.o(.text)
    EXTI9_5_IRQHandler                       0x0800011b   Thumb Code     0  startup_stm32f103xb.o(.text)
    FLASH_IRQHandler                         0x0800011b   Thumb Code     0  startup_stm32f103xb.o(.text)
    I2C1_ER_IRQHandler                       0x0800011b   Thumb Code     0  startup_stm32f103xb.o(.text)
    I2C1_EV_IRQHandler                       0x0800011b   Thumb Code     0  startup_stm32f103xb.o(.text)
    I2C2_ER_IRQHandler                       0x0800011b   Thumb Code     0  startup_stm32f103xb.o(.text)
    I2C2_EV_IRQHandler                       0x0800011b   Thumb Code     0  startup_stm32f103xb.o(.text)
    PVD_IRQHandler                           0x0800011b   Thumb Code     0  startup_stm32f103xb.o(.text)
    RCC_IRQHandler                           0x0800011b   Thumb Code     0  startup_stm32f103xb.o(.text)
    RTC_Alarm_IRQHandler                     0x0800011b   Thumb Code     0  startup_stm32f103xb.o(.text)
    RTC_IRQHandler                           0x0800011b   Thumb Code     0  startup_stm32f103xb.o(.text)
    SPI1_IRQHandler                          0x0800011b   Thumb Code     0  startup_stm32f103xb.o(.text)
    SPI2_IRQHandler                          0x0800011b   Thumb Code     0  startup_stm32f103xb.o(.text)
    TAMPER_IRQHandler                        0x0800011b   Thumb Code     0  startup_stm32f103xb.o(.text)
    TIM1_BRK_IRQHandler                      0x0800011b   Thumb Code     0  startup_stm32f103xb.o(.text)
    TIM1_CC_IRQHandler                       0x0800011b   Thumb Code     0  startup_stm32f103xb.o(.text)
    TIM1_TRG_COM_IRQHandler                  0x0800011b   Thumb Code     0  startup_stm32f103xb.o(.text)
    TIM1_UP_IRQHandler                       0x0800011b   Thumb Code     0  startup_stm32f103xb.o(.text)
    TIM2_IRQHandler                          0x0800011b   Thumb Code     0  startup_stm32f103xb.o(.text)
    TIM3_IRQHandler                          0x0800011b   Thumb Code     0  startup_stm32f103xb.o(.text)
    TIM4_IRQHandler                          0x0800011b   Thumb Code     0  startup_stm32f103xb.o(.text)
    USART1_IRQHandler                        0x0800011b   Thumb Code     0  startup_stm32f103xb.o(.text)
    USART2_IRQHandler                        0x0800011b   Thumb Code     0  startup_stm32f103xb.o(.text)
    USART3_IRQHandler                        0x0800011b   Thumb Code     0  startup_stm32f103xb.o(.text)
    USBWakeUp_IRQHandler                     0x0800011b   Thumb Code     0  startup_stm32f103xb.o(.text)
    USB_HP_CAN1_TX_IRQHandler                0x0800011b   Thumb Code     0  startup_stm32f103xb.o(.text)
    USB_LP_CAN1_RX0_IRQHandler               0x0800011b   Thumb Code     0  startup_stm32f103xb.o(.text)
    WWDG_IRQHandler                          0x0800011b   Thumb Code     0  startup_stm32f103xb.o(.text)
    __aeabi_llsr                             0x08000125   Thumb Code    32  llushr.o(.text)
    _ll_ushift_r                             0x08000125   Thumb Code     0  llushr.o(.text)
    __aeabi_memset                           0x08000145   Thumb Code    14  memseta.o(.text)
    __aeabi_memset4                          0x08000145   Thumb Code     0  memseta.o(.text)
    __aeabi_memset8                          0x08000145   Thumb Code     0  memseta.o(.text)
    __aeabi_memclr                           0x08000153   Thumb Code     4  memseta.o(.text)
    __aeabi_memclr4                          0x08000153   Thumb Code     0  memseta.o(.text)
    __aeabi_memclr8                          0x08000153   Thumb Code     0  memseta.o(.text)
    _memset$wrapper                          0x08000157   Thumb Code    18  memseta.o(.text)
    strlen                                   0x08000169   Thumb Code    14  strlen.o(.text)
    __ARM_scalbn                             0x08000177   Thumb Code    46  dscalb.o(.text)
    scalbn                                   0x08000177   Thumb Code     0  dscalb.o(.text)
    __aeabi_ui2d                             0x080001a5   Thumb Code    26  dfltui.o(.text)
    __aeabi_d2uiz                            0x080001bf   Thumb Code    50  dfixui.o(.text)
    __aeabi_uldivmod                         0x080001f1   Thumb Code    98  uldiv.o(.text)
    __I$use$fp                               0x08000253   Thumb Code     0  iusefp.o(.text)
    _double_round                            0x08000253   Thumb Code    30  depilogue.o(.text)
    _double_epilogue                         0x08000271   Thumb Code   156  depilogue.o(.text)
    __scatterload                            0x0800030d   Thumb Code    28  init.o(.text)
    __scatterload_rt2                        0x0800030d   Thumb Code     0  init.o(.text)
    __aeabi_llsl                             0x08000331   Thumb Code    30  llshl.o(.text)
    _ll_shift_l                              0x08000331   Thumb Code     0  llshl.o(.text)
    BusFault_Handler                         0x0800034f   Thumb Code     2  stm32f1xx_it.o(i.BusFault_Handler)
    DebugMon_Handler                         0x0800036d   Thumb Code     2  stm32f1xx_it.o(i.DebugMon_Handler)
    FATFS_LinkDriver                         0x0800036f   Thumb Code     6  ff_gen_drv.o(i.FATFS_LinkDriver)
    FATFS_LinkDriverEx                       0x08000375   Thumb Code    60  ff_gen_drv.o(i.FATFS_LinkDriverEx)
    HAL_Delay                                0x080003b5   Thumb Code    32  stm32f1xx_hal.o(i.HAL_Delay)
    HAL_GPIO_Init                            0x080003d9   Thumb Code   446  stm32f1xx_hal_gpio.o(i.HAL_GPIO_Init)
    HAL_GPIO_WritePin                        0x080005b9   Thumb Code    10  stm32f1xx_hal_gpio.o(i.HAL_GPIO_WritePin)
    HAL_GetTick                              0x080005c5   Thumb Code     6  stm32f1xx_hal.o(i.HAL_GetTick)
    HAL_IncTick                              0x080005d1   Thumb Code    12  stm32f1xx_hal.o(i.HAL_IncTick)
    HAL_Init                                 0x080005e1   Thumb Code    32  stm32f1xx_hal.o(i.HAL_Init)
    HAL_InitTick                             0x08000605   Thumb Code    54  stm32f1xx_hal.o(i.HAL_InitTick)
    HAL_MspInit                              0x08000645   Thumb Code    52  stm32f1xx_hal_msp.o(i.HAL_MspInit)
    HAL_NVIC_SetPriority                     0x08000681   Thumb Code    60  stm32f1xx_hal_cortex.o(i.HAL_NVIC_SetPriority)
    HAL_NVIC_SetPriorityGrouping             0x080006c1   Thumb Code    26  stm32f1xx_hal_cortex.o(i.HAL_NVIC_SetPriorityGrouping)
    HAL_RCC_ClockConfig                      0x080006e5   Thumb Code   280  stm32f1xx_hal_rcc.o(i.HAL_RCC_ClockConfig)
    HAL_RCC_GetPCLK1Freq                     0x08000811   Thumb Code    20  stm32f1xx_hal_rcc.o(i.HAL_RCC_GetPCLK1Freq)
    HAL_RCC_GetPCLK2Freq                     0x08000831   Thumb Code    20  stm32f1xx_hal_rcc.o(i.HAL_RCC_GetPCLK2Freq)
    HAL_RCC_GetSysClockFreq                  0x08000851   Thumb Code    74  stm32f1xx_hal_rcc.o(i.HAL_RCC_GetSysClockFreq)
    HAL_RCC_OscConfig                        0x080008bd   Thumb Code   778  stm32f1xx_hal_rcc.o(i.HAL_RCC_OscConfig)
    HAL_SPI_Init                             0x08000bdd   Thumb Code   124  stm32f1xx_hal_spi.o(i.HAL_SPI_Init)
    HAL_SPI_MspInit                          0x08000c59   Thumb Code    98  stm32f1xx_hal_msp.o(i.HAL_SPI_MspInit)
    HAL_SPI_Transmit                         0x08000cc9   Thumb Code   348  stm32f1xx_hal_spi.o(i.HAL_SPI_Transmit)
    HAL_SPI_TransmitReceive                  0x08000e25   Thumb Code   482  stm32f1xx_hal_spi.o(i.HAL_SPI_TransmitReceive)
    HAL_SYSTICK_Config                       0x08001007   Thumb Code    40  stm32f1xx_hal_cortex.o(i.HAL_SYSTICK_Config)
    HAL_UART_Init                            0x0800102f   Thumb Code    98  stm32f1xx_hal_uart.o(i.HAL_UART_Init)
    HAL_UART_MspInit                         0x08001091   Thumb Code   100  stm32f1xx_hal_msp.o(i.HAL_UART_MspInit)
    HAL_UART_Transmit                        0x08001101   Thumb Code   186  stm32f1xx_hal_uart.o(i.HAL_UART_Transmit)
    HardFault_Handler                        0x080011bb   Thumb Code     2  stm32f1xx_it.o(i.HardFault_Handler)
    MX_FATFS_Init                            0x080011bd   Thumb Code    18  fatfs.o(i.MX_FATFS_Init)
    MemManage_Handler                        0x0800127d   Thumb Code     2  stm32f1xx_it.o(i.MemManage_Handler)
    NMI_Handler                              0x0800127f   Thumb Code     2  stm32f1xx_it.o(i.NMI_Handler)
    PendSV_Handler                           0x08001281   Thumb Code     2  stm32f1xx_it.o(i.PendSV_Handler)
    SDTimer_Handler                          0x08001285   Thumb Code    26  stm32f1xx_it.o(i.SDTimer_Handler)
    SD_disk_initialize                       0x08001441   Thumb Code   308  fatfs_sd.o(i.SD_disk_initialize)
    SD_disk_ioctl                            0x0800157d   Thumb Code   314  fatfs_sd.o(i.SD_disk_ioctl)
    SD_disk_read                             0x080016bd   Thumb Code   146  fatfs_sd.o(i.SD_disk_read)
    SD_disk_status                           0x08001755   Thumb Code    12  fatfs_sd.o(i.SD_disk_status)
    SD_disk_write                            0x08001765   Thumb Code   178  fatfs_sd.o(i.SD_disk_write)
    SVC_Handler                              0x08001955   Thumb Code     2  stm32f1xx_it.o(i.SVC_Handler)
    SysTick_Handler                          0x08001959   Thumb Code    32  stm32f1xx_it.o(i.SysTick_Handler)
    SystemClock_Config                       0x0800197d   Thumb Code    78  main.o(i.SystemClock_Config)
    SystemInit                               0x080019cd   Thumb Code    56  system_stm32f1xx.o(i.SystemInit)
    USER_initialize                          0x08001b31   Thumb Code    10  user_diskio.o(i.USER_initialize)
    USER_ioctl                               0x08001b3b   Thumb Code    10  user_diskio.o(i.USER_ioctl)
    USER_read                                0x08001b45   Thumb Code    10  user_diskio.o(i.USER_read)
    USER_status                              0x08001b4f   Thumb Code    10  user_diskio.o(i.USER_status)
    USER_write                               0x08001b59   Thumb Code    10  user_diskio.o(i.USER_write)
    UsageFault_Handler                       0x08001b63   Thumb Code     2  stm32f1xx_it.o(i.UsageFault_Handler)
    __0sprintf$4                             0x08001b65   Thumb Code    34  printf4.o(i.__0sprintf$4)
    __1sprintf$4                             0x08001b65   Thumb Code     0  printf4.o(i.__0sprintf$4)
    __2sprintf                               0x08001b65   Thumb Code     0  printf4.o(i.__0sprintf$4)
    __scatterload_copy                       0x08001bad   Thumb Code    14  handlers.o(i.__scatterload_copy)
    __scatterload_null                       0x08001bbb   Thumb Code     2  handlers.o(i.__scatterload_null)
    __scatterload_zeroinit                   0x08001bbd   Thumb Code    14  handlers.o(i.__scatterload_zeroinit)
    bufclear                                 0x08001e05   Thumb Code    20  main.o(i.bufclear)
    clust2sect                               0x08001f47   Thumb Code    28  ff.o(i.clust2sect)
    disk_initialize                          0x08002701   Thumb Code    36  diskio.o(i.disk_initialize)
    disk_ioctl                               0x08002729   Thumb Code    24  diskio.o(i.disk_ioctl)
    disk_read                                0x08002745   Thumb Code    24  diskio.o(i.disk_read)
    disk_status                              0x08002761   Thumb Code    18  diskio.o(i.disk_status)
    disk_write                               0x08002779   Thumb Code    24  diskio.o(i.disk_write)
    f_close                                  0x08002795   Thumb Code    42  ff.o(i.f_close)
    f_getfree                                0x080027bf   Thumb Code   194  ff.o(i.f_getfree)
    f_gets                                   0x08002881   Thumb Code    72  ff.o(i.f_gets)
    f_mount                                  0x080028c9   Thumb Code    94  ff.o(i.f_mount)
    f_open                                   0x0800292d   Thumb Code   492  ff.o(i.f_open)
    f_puts                                   0x08002b1d   Thumb Code    70  ff.o(i.f_puts)
    f_read                                   0x08002b63   Thumb Code   398  ff.o(i.f_read)
    f_sync                                   0x08002cf1   Thumb Code   162  ff.o(i.f_sync)
    f_write                                  0x08002d93   Thumb Code   454  ff.o(i.f_write)
    ff_convert                               0x08002f59   Thumb Code    52  ccsbcs.o(i.ff_convert)
    ff_wtoupper                              0x08002f91   Thumb Code    28  ccsbcs.o(i.ff_wtoupper)
    get_fat                                  0x0800330d   Thumb Code   230  ff.o(i.get_fat)
    get_fattime                              0x080033f3   Thumb Code     4  fatfs.o(i.get_fattime)
    main                                     0x080034e5   Thumb Code   278  main.o(i.main)
    put_fat                                  0x0800372d   Thumb Code   286  ff.o(i.put_fat)
    send_uart                                0x080038f9   Thumb Code    26  main.o(i.send_uart)
    AHBPrescTable                            0x08003a66   Data          16  system_stm32f1xx.o(.constdata)
    APBPrescTable                            0x08003a76   Data           8  system_stm32f1xx.o(.constdata)
    Region$$Table$$Base                      0x08004040   Number         0  anon$$obj.o(Region$$Table)
    Region$$Table$$Limit                     0x08004060   Number         0  anon$$obj.o(Region$$Table)
    fresult                                  0x20000000   Data           1  main.o(.data)
    pfs                                      0x20000004   Data           4  main.o(.data)
    fre_clust                                0x20000008   Data           4  main.o(.data)
    total                                    0x2000000c   Data           4  main.o(.data)
    free_space                               0x20000010   Data           4  main.o(.data)
    USER_Driver                              0x20000014   Data          20  user_diskio.o(.data)
    retUSER                                  0x20000028   Data           1  fatfs.o(.data)
    USERPath                                 0x20000029   Data           4  fatfs.o(.data)
    FatFsCnt                                 0x2000002e   Data           1  stm32f1xx_it.o(.data)
    Timer1                                   0x20000030   Data           2  stm32f1xx_it.o(.data)
    Timer2                                   0x20000032   Data           2  stm32f1xx_it.o(.data)
    uwTickFreq                               0x20000038   Data           1  stm32f1xx_hal.o(.data)
    uwTickPrio                               0x2000003c   Data           4  stm32f1xx_hal.o(.data)
    uwTick                                   0x20000040   Data           4  stm32f1xx_hal.o(.data)
    SystemCoreClock                          0x20000044   Data           4  system_stm32f1xx.o(.data)
    hspi1                                    0x20000050   Data          88  main.o(.bss)
    huart1                                   0x200000a8   Data          64  main.o(.bss)
    fs                                       0x200000e8   Data        4144  main.o(.bss)
    fil                                      0x20001118   Data        4140  main.o(.bss)
    buffer                                   0x20002144   Data        1024  main.o(.bss)
    disk                                     0x2000275c   Data          12  ff_gen_drv.o(.bss)
    __initial_sp                             0x20002b68   Data           0  startup_stm32f103xb.o(STACK)



==============================================================================

Memory Map of the image

  Image Entry point : 0x080000ed

  Load Region LR_IROM1 (Base: 0x08000000, Size: 0x000040b0, Max: 0x00010000, ABSOLUTE)

    Execution Region ER_IROM1 (Exec base: 0x08000000, Load base: 0x08000000, Size: 0x00004060, Max: 0x00010000, ABSOLUTE)

    Exec Addr    Load Addr    Size         Type   Attr      Idx    E Section Name        Object

    0x08000000   0x08000000   0x000000ec   Data   RO            3    RESET               startup_stm32f103xb.o
    0x080000ec   0x080000ec   0x00000000   Code   RO         2755  * .ARM.Collect$$$$00000000  mc_w.l(entry.o)
    0x080000ec   0x080000ec   0x00000004   Code   RO         3031    .ARM.Collect$$$$00000001  mc_w.l(entry2.o)
    0x080000f0   0x080000f0   0x00000004   Code   RO         3034    .ARM.Collect$$$$00000004  mc_w.l(entry5.o)
    0x080000f4   0x080000f4   0x00000000   Code   RO         3036    .ARM.Collect$$$$00000008  mc_w.l(entry7b.o)
    0x080000f4   0x080000f4   0x00000000   Code   RO         3038    .ARM.Collect$$$$0000000A  mc_w.l(entry8b.o)
    0x080000f4   0x080000f4   0x00000008   Code   RO         3039    .ARM.Collect$$$$0000000B  mc_w.l(entry9a.o)
    0x080000fc   0x080000fc   0x00000000   Code   RO         3041    .ARM.Collect$$$$0000000D  mc_w.l(entry10a.o)
    0x080000fc   0x080000fc   0x00000000   Code   RO         3043    .ARM.Collect$$$$0000000F  mc_w.l(entry11a.o)
    0x080000fc   0x080000fc   0x00000004   Code   RO         3032    .ARM.Collect$$$$00002712  mc_w.l(entry2.o)
    0x08000100   0x08000100   0x00000024   Code   RO            4    .text               startup_stm32f103xb.o
    0x08000124   0x08000124   0x00000020   Code   RO         2758    .text               mc_w.l(llushr.o)
    0x08000144   0x08000144   0x00000024   Code   RO         2760    .text               mc_w.l(memseta.o)
    0x08000168   0x08000168   0x0000000e   Code   RO         2762    .text               mc_w.l(strlen.o)
    0x08000176   0x08000176   0x0000002e   Code   RO         3025    .text               mf_w.l(dscalb.o)
    0x080001a4   0x080001a4   0x0000001a   Code   RO         3027    .text               mf_w.l(dfltui.o)
    0x080001be   0x080001be   0x00000032   Code   RO         3029    .text               mf_w.l(dfixui.o)
    0x080001f0   0x080001f0   0x00000062   Code   RO         3050    .text               mc_w.l(uldiv.o)
    0x08000252   0x08000252   0x00000000   Code   RO         3052    .text               mc_w.l(iusefp.o)
    0x08000252   0x08000252   0x000000ba   Code   RO         3053    .text               mf_w.l(depilogue.o)
    0x0800030c   0x0800030c   0x00000024   Code   RO         3065    .text               mc_w.l(init.o)
    0x08000330   0x08000330   0x0000001e   Code   RO         3068    .text               mc_w.l(llshl.o)
    0x0800034e   0x0800034e   0x00000002   Code   RO          288    i.BusFault_Handler  stm32f1xx_it.o
    0x08000350   0x08000350   0x0000001c   Code   RO          420    i.DESELECT          fatfs_sd.o
    0x0800036c   0x0800036c   0x00000002   Code   RO          289    i.DebugMon_Handler  stm32f1xx_it.o
    0x0800036e   0x0800036e   0x00000006   Code   RO         2646    i.FATFS_LinkDriver  ff_gen_drv.o
    0x08000374   0x08000374   0x00000040   Code   RO         2647    i.FATFS_LinkDriverEx  ff_gen_drv.o
    0x080003b4   0x080003b4   0x00000024   Code   RO          564    i.HAL_Delay         stm32f1xx_hal.o
    0x080003d8   0x080003d8   0x000001e0   Code   RO          872    i.HAL_GPIO_Init     stm32f1xx_hal_gpio.o
    0x080005b8   0x080005b8   0x0000000a   Code   RO          876    i.HAL_GPIO_WritePin  stm32f1xx_hal_gpio.o
    0x080005c2   0x080005c2   0x00000002   PAD
    0x080005c4   0x080005c4   0x0000000c   Code   RO          568    i.HAL_GetTick       stm32f1xx_hal.o
    0x080005d0   0x080005d0   0x00000010   Code   RO          574    i.HAL_IncTick       stm32f1xx_hal.o
    0x080005e0   0x080005e0   0x00000024   Code   RO          575    i.HAL_Init          stm32f1xx_hal.o
    0x08000604   0x08000604   0x00000040   Code   RO          576    i.HAL_InitTick      stm32f1xx_hal.o
    0x08000644   0x08000644   0x0000003c   Code   RO          372    i.HAL_MspInit       stm32f1xx_hal_msp.o
    0x08000680   0x08000680   0x00000040   Code   RO         1038    i.HAL_NVIC_SetPriority  stm32f1xx_hal_cortex.o
    0x080006c0   0x080006c0   0x00000024   Code   RO         1039    i.HAL_NVIC_SetPriorityGrouping  stm32f1xx_hal_cortex.o
    0x080006e4   0x080006e4   0x0000012c   Code   RO          732    i.HAL_RCC_ClockConfig  stm32f1xx_hal_rcc.o
    0x08000810   0x08000810   0x00000020   Code   RO          739    i.HAL_RCC_GetPCLK1Freq  stm32f1xx_hal_rcc.o
    0x08000830   0x08000830   0x00000020   Code   RO          740    i.HAL_RCC_GetPCLK2Freq  stm32f1xx_hal_rcc.o
    0x08000850   0x08000850   0x0000006c   Code   RO          741    i.HAL_RCC_GetSysClockFreq  stm32f1xx_hal_rcc.o
    0x080008bc   0x080008bc   0x00000320   Code   RO          744    i.HAL_RCC_OscConfig  stm32f1xx_hal_rcc.o
    0x08000bdc   0x08000bdc   0x0000007c   Code   RO         1543    i.HAL_SPI_Init      stm32f1xx_hal_spi.o
    0x08000c58   0x08000c58   0x00000070   Code   RO          374    i.HAL_SPI_MspInit   stm32f1xx_hal_msp.o
    0x08000cc8   0x08000cc8   0x0000015c   Code   RO         1551    i.HAL_SPI_Transmit  stm32f1xx_hal_spi.o
    0x08000e24   0x08000e24   0x000001e2   Code   RO         1552    i.HAL_SPI_TransmitReceive  stm32f1xx_hal_spi.o
    0x08001006   0x08001006   0x00000028   Code   RO         1043    i.HAL_SYSTICK_Config  stm32f1xx_hal_cortex.o
    0x0800102e   0x0800102e   0x00000062   Code   RO         1915    i.HAL_UART_Init     stm32f1xx_hal_uart.o
    0x08001090   0x08001090   0x00000070   Code   RO          376    i.HAL_UART_MspInit  stm32f1xx_hal_msp.o
    0x08001100   0x08001100   0x000000ba   Code   RO         1923    i.HAL_UART_Transmit  stm32f1xx_hal_uart.o
    0x080011ba   0x080011ba   0x00000002   Code   RO          290    i.HardFault_Handler  stm32f1xx_it.o
    0x080011bc   0x080011bc   0x0000001c   Code   RO          250    i.MX_FATFS_Init     fatfs.o
    0x080011d8   0x080011d8   0x0000006c   Code   RO           14    i.MX_GPIO_Init      main.o
    0x08001244   0x08001244   0x00000038   Code   RO           15    i.MX_SPI1_Init      main.o
    0x0800127c   0x0800127c   0x00000002   Code   RO          291    i.MemManage_Handler  stm32f1xx_it.o
    0x0800127e   0x0800127e   0x00000002   Code   RO          292    i.NMI_Handler       stm32f1xx_it.o
    0x08001280   0x08001280   0x00000002   Code   RO          293    i.PendSV_Handler    stm32f1xx_it.o
    0x08001282   0x08001282   0x00000002   PAD
    0x08001284   0x08001284   0x00000020   Code   RO          294    i.SDTimer_Handler   stm32f1xx_it.o
    0x080012a4   0x080012a4   0x00000070   Code   RO          421    i.SD_PowerOn        fatfs_sd.o
    0x08001314   0x08001314   0x00000020   Code   RO          422    i.SD_ReadyWait      fatfs_sd.o
    0x08001334   0x08001334   0x00000044   Code   RO          423    i.SD_RxDataBlock    fatfs_sd.o
    0x08001378   0x08001378   0x0000006e   Code   RO          424    i.SD_SendCmd        fatfs_sd.o
    0x080013e6   0x080013e6   0x0000005a   Code   RO          425    i.SD_TxDataBlock    fatfs_sd.o
    0x08001440   0x08001440   0x0000013c   Code   RO          426    i.SD_disk_initialize  fatfs_sd.o
    0x0800157c   0x0800157c   0x00000140   Code   RO          427    i.SD_disk_ioctl     fatfs_sd.o
    0x080016bc   0x080016bc   0x00000098   Code   RO          428    i.SD_disk_read      fatfs_sd.o
    0x08001754   0x08001754   0x00000010   Code   RO          429    i.SD_disk_status    fatfs_sd.o
    0x08001764   0x08001764   0x000000b8   Code   RO          430    i.SD_disk_write     fatfs_sd.o
    0x0800181c   0x0800181c   0x0000001c   Code   RO          431    i.SELECT            fatfs_sd.o
    0x08001838   0x08001838   0x00000020   Code   RO         1581    i.SPI_EndRxTxTransaction  stm32f1xx_hal_spi.o
    0x08001858   0x08001858   0x0000002c   Code   RO          432    i.SPI_RxByte        fatfs_sd.o
    0x08001884   0x08001884   0x0000001c   Code   RO          433    i.SPI_TxBuffer      fatfs_sd.o
    0x080018a0   0x080018a0   0x00000020   Code   RO          434    i.SPI_TxByte        fatfs_sd.o
    0x080018c0   0x080018c0   0x00000094   Code   RO         1586    i.SPI_WaitFlagStateUntilTimeout  stm32f1xx_hal_spi.o
    0x08001954   0x08001954   0x00000002   Code   RO          295    i.SVC_Handler       stm32f1xx_it.o
    0x08001956   0x08001956   0x00000002   PAD
    0x08001958   0x08001958   0x00000024   Code   RO          296    i.SysTick_Handler   stm32f1xx_it.o
    0x0800197c   0x0800197c   0x0000004e   Code   RO           16    i.SystemClock_Config  main.o
    0x080019ca   0x080019ca   0x00000002   PAD
    0x080019cc   0x080019cc   0x00000048   Code   RO         2217    i.SystemInit        system_stm32f1xx.o
    0x08001a14   0x08001a14   0x000000b8   Code   RO         1941    i.UART_SetConfig    stm32f1xx_hal_uart.o
    0x08001acc   0x08001acc   0x00000064   Code   RO         1943    i.UART_WaitOnFlagUntilTimeout  stm32f1xx_hal_uart.o
    0x08001b30   0x08001b30   0x0000000a   Code   RO          193    i.USER_initialize   user_diskio.o
    0x08001b3a   0x08001b3a   0x0000000a   Code   RO          194    i.USER_ioctl        user_diskio.o
    0x08001b44   0x08001b44   0x0000000a   Code   RO          195    i.USER_read         user_diskio.o
    0x08001b4e   0x08001b4e   0x0000000a   Code   RO          196    i.USER_status       user_diskio.o
    0x08001b58   0x08001b58   0x0000000a   Code   RO          197    i.USER_write        user_diskio.o
    0x08001b62   0x08001b62   0x00000002   Code   RO          297    i.UsageFault_Handler  stm32f1xx_it.o
    0x08001b64   0x08001b64   0x00000028   Code   RO         2877    i.__0sprintf$4      mc_w.l(printf4.o)
    0x08001b8c   0x08001b8c   0x00000020   Code   RO         1045    i.__NVIC_SetPriority  stm32f1xx_hal_cortex.o
    0x08001bac   0x08001bac   0x0000000e   Code   RO         3075    i.__scatterload_copy  mc_w.l(handlers.o)
    0x08001bba   0x08001bba   0x00000002   Code   RO         3076    i.__scatterload_null  mc_w.l(handlers.o)
    0x08001bbc   0x08001bbc   0x0000000e   Code   RO         3077    i.__scatterload_zeroinit  mc_w.l(handlers.o)
    0x08001bca   0x08001bca   0x00000002   PAD
    0x08001bcc   0x08001bcc   0x0000022c   Code   RO         2882    i._printf_core      mc_w.l(printf4.o)
    0x08001df8   0x08001df8   0x0000000a   Code   RO         2884    i._sputc            mc_w.l(printf4.o)
    0x08001e02   0x08001e02   0x00000002   PAD
    0x08001e04   0x08001e04   0x00000018   Code   RO           17    i.bufclear          main.o
    0x08001e1c   0x08001e1c   0x00000060   Code   RO         2309    i.check_fs          ff.o
    0x08001e7c   0x08001e7c   0x00000010   Code   RO         2310    i.chk_chr           ff.o
    0x08001e8c   0x08001e8c   0x00000068   Code   RO         2311    i.chk_lock          ff.o
    0x08001ef4   0x08001ef4   0x00000024   Code   RO         2312    i.clear_lock        ff.o
    0x08001f18   0x08001f18   0x0000002e   Code   RO         2313    i.clmt_clust        ff.o
    0x08001f46   0x08001f46   0x0000001c   Code   RO         2314    i.clust2sect        ff.o
    0x08001f62   0x08001f62   0x000000a4   Code   RO         2315    i.create_chain      ff.o
    0x08002006   0x08002006   0x00000002   PAD
    0x08002008   0x08002008   0x00000204   Code   RO         2316    i.create_name       ff.o
    0x0800220c   0x0800220c   0x0000003c   Code   RO         2317    i.dec_lock          ff.o
    0x08002248   0x08002248   0x00000140   Code   RO         2318    i.dir_find          ff.o
    0x08002388   0x08002388   0x0000011c   Code   RO         2319    i.dir_next          ff.o
    0x080024a4   0x080024a4   0x000001c0   Code   RO         2321    i.dir_register      ff.o
    0x08002664   0x08002664   0x0000009a   Code   RO         2323    i.dir_sdi           ff.o
    0x080026fe   0x080026fe   0x00000002   PAD
    0x08002700   0x08002700   0x00000028   Code   RO         2254    i.disk_initialize   diskio.o
    0x08002728   0x08002728   0x0000001c   Code   RO         2255    i.disk_ioctl        diskio.o
    0x08002744   0x08002744   0x0000001c   Code   RO         2256    i.disk_read         diskio.o
    0x08002760   0x08002760   0x00000018   Code   RO         2257    i.disk_status       diskio.o
    0x08002778   0x08002778   0x0000001c   Code   RO         2258    i.disk_write        diskio.o
    0x08002794   0x08002794   0x0000002a   Code   RO         2325    i.f_close           ff.o
    0x080027be   0x080027be   0x000000c2   Code   RO         2327    i.f_getfree         ff.o
    0x08002880   0x08002880   0x00000048   Code   RO         2328    i.f_gets            ff.o
    0x080028c8   0x080028c8   0x00000064   Code   RO         2332    i.f_mount           ff.o
    0x0800292c   0x0800292c   0x000001f0   Code   RO         2333    i.f_open            ff.o
    0x08002b1c   0x08002b1c   0x00000046   Code   RO         2337    i.f_puts            ff.o
    0x08002b62   0x08002b62   0x0000018e   Code   RO         2338    i.f_read            ff.o
    0x08002cf0   0x08002cf0   0x000000a2   Code   RO         2342    i.f_sync            ff.o
    0x08002d92   0x08002d92   0x000001c6   Code   RO         2346    i.f_write           ff.o
    0x08002f58   0x08002f58   0x00000038   Code   RO         2726    i.ff_convert        ccsbcs.o
    0x08002f90   0x08002f90   0x00000024   Code   RO         2727    i.ff_wtoupper       ccsbcs.o
    0x08002fb4   0x08002fb4   0x0000026c   Code   RO         2347    i.find_volume       ff.o
    0x08003220   0x08003220   0x0000006a   Code   RO         2348    i.follow_path       ff.o
    0x0800328a   0x0800328a   0x00000002   PAD
    0x0800328c   0x0800328c   0x00000080   Code   RO         2349    i.gen_numname       ff.o
    0x0800330c   0x0800330c   0x000000e6   Code   RO         2350    i.get_fat           ff.o
    0x080033f2   0x080033f2   0x00000004   Code   RO          251    i.get_fattime       fatfs.o
    0x080033f6   0x080033f6   0x0000003c   Code   RO         2352    i.get_ldnumber      ff.o
    0x08003432   0x08003432   0x00000002   PAD
    0x08003434   0x08003434   0x00000098   Code   RO         2353    i.inc_lock          ff.o
    0x080034cc   0x080034cc   0x00000016   Code   RO         2354    i.ld_clust          ff.o
    0x080034e2   0x080034e2   0x00000002   PAD
    0x080034e4   0x080034e4   0x000001f0   Code   RO           19    i.main              main.o
    0x080036d4   0x080036d4   0x00000012   Code   RO         2355    i.mem_cpy           ff.o
    0x080036e6   0x080036e6   0x0000000e   Code   RO         2356    i.mem_set           ff.o
    0x080036f4   0x080036f4   0x00000038   Code   RO         2357    i.move_window       ff.o
    0x0800372c   0x0800372c   0x0000011e   Code   RO         2358    i.put_fat           ff.o
    0x0800384a   0x0800384a   0x00000046   Code   RO         2359    i.putc_bfd          ff.o
    0x08003890   0x08003890   0x00000066   Code   RO         2360    i.remove_chain      ff.o
    0x080038f6   0x080038f6   0x00000002   PAD
    0x080038f8   0x080038f8   0x00000020   Code   RO           20    i.send_uart         main.o
    0x08003918   0x08003918   0x00000010   Code   RO         2361    i.st_clust          ff.o
    0x08003928   0x08003928   0x0000001a   Code   RO         2362    i.sum_sfn           ff.o
    0x08003942   0x08003942   0x000000a8   Code   RO         2363    i.sync_fs           ff.o
    0x080039ea   0x080039ea   0x00000052   Code   RO         2364    i.sync_window       ff.o
    0x08003a3c   0x08003a3c   0x0000002a   Code   RO         2365    i.validate          ff.o
    0x08003a66   0x08003a66   0x00000010   Data   RO         2218    .constdata          system_stm32f1xx.o
    0x08003a76   0x08003a76   0x00000008   Data   RO         2219    .constdata          system_stm32f1xx.o
    0x08003a7e   0x08003a7e   0x000000ba   Data   RO         2367    .constdata          ff.o
    0x08003b38   0x08003b38   0x000004c0   Data   RO         2728    .constdata          ccsbcs.o
    0x08003ff8   0x08003ff8   0x00000048   Data   RO           22    .conststring        main.o
    0x08004040   0x08004040   0x00000020   Data   RO         3073    Region$$Table       anon$$obj.o


    Execution Region RW_IRAM1 (Exec base: 0x20000000, Load base: 0x08004060, Size: 0x00002b68, Max: 0x00005000, ABSOLUTE)

    Exec Addr    Load Addr    Size         Type   Attr      Idx    E Section Name        Object

    0x20000000   0x08004060   0x00000014   Data   RW           23    .data               main.o
    0x20000014   0x08004074   0x00000014   Data   RW          198    .data               user_diskio.o
    0x20000028   0x08004088   0x00000005   Data   RW          254    .data               fatfs.o
    0x2000002d   0x0800408d   0x00000001   PAD
    0x2000002e   0x0800408e   0x00000006   Data   RW          298    .data               stm32f1xx_it.o
    0x20000034   0x08004094   0x00000003   Data   RW          435    .data               fatfs_sd.o
    0x20000037   0x08004097   0x00000001   PAD
    0x20000038   0x08004098   0x0000000c   Data   RW          582    .data               stm32f1xx_hal.o
    0x20000044   0x080040a4   0x00000004   Data   RW         2220    .data               system_stm32f1xx.o
    0x20000048   0x080040a8   0x00000008   Data   RW         2368    .data               ff.o
    0x20000050        -       0x000024f4   Zero   RW           21    .bss                main.o
    0x20002544        -       0x00000218   Zero   RW         2366    .bss                ff.o
    0x2000275c        -       0x0000000c   Zero   RW         2650    .bss                ff_gen_drv.o
    0x20002768        -       0x00000400   Zero   RW            1    STACK               startup_stm32f103xb.o


==============================================================================

Image component sizes


      Code (inc. data)   RO Data    RW Data    ZI Data      Debug   Object Name

        92         12       1216          0          0       2043   ccsbcs.o
       148         22          0          0          0       3673   diskio.o
        32         10          0          5          0       1508   fatfs.o
      1560         74          0          3          0      11079   fatfs_sd.o
      6458         90        186          8        536      42161   ff.o
        70          4          0          0         12       1627   ff_gen_drv.o
       794        246         72         20       9460     407937   main.o
        36          8        236          0       1024        820   startup_stm32f103xb.o
       164         28          0         12          0       6021   stm32f1xx_hal.o
       172         14          0          0          0      28358   stm32f1xx_hal_cortex.o
       490         34          0          0          0       2940   stm32f1xx_hal_gpio.o
       284         34          0          0          0       2275   stm32f1xx_hal_msp.o
      1272        100          0          0          0       5284   stm32f1xx_hal_rcc.o
      1134          0          0          0          0       6104   stm32f1xx_hal_spi.o
       568          6          0          0          0       4004   stm32f1xx_hal_uart.o
        84         10          0          6          0       5089   stm32f1xx_it.o
         0          0          0          0          0        536   syscall.o
        72         16         24          4          0       1207   system_stm32f1xx.o
        50          0          0         20          0       3516   user_diskio.o

    ----------------------------------------------------------------------
     13500        708       1766         80      11032     536182   Object Totals
         0          0         32          0          0          0   (incl. Generated)
        20          0          0          2          0          0   (incl. Padding)

    ----------------------------------------------------------------------

      Code (inc. data)   RO Data    RW Data    ZI Data      Debug   Library Member Name

         0          0          0          0          0          0   entry.o
         0          0          0          0          0          0   entry10a.o
         0          0          0          0          0          0   entry11a.o
         8          4          0          0          0          0   entry2.o
         4          0          0          0          0          0   entry5.o
         0          0          0          0          0          0   entry7b.o
         0          0          0          0          0          0   entry8b.o
         8          4          0          0          0          0   entry9a.o
        30          0          0          0          0          0   handlers.o
        36          8          0          0          0         68   init.o
         0          0          0          0          0          0   iusefp.o
        30          0          0          0          0         68   llshl.o
        32          0          0          0          0         68   llushr.o
        36          0          0          0          0        108   memseta.o
       606         10          0          0          0        252   printf4.o
        14          0          0          0          0         68   strlen.o
        98          0          0          0          0         92   uldiv.o
       186          0          0          0          0        176   depilogue.o
        50          0          0          0          0         76   dfixui.o
        26          0          0          0          0         76   dfltui.o
        46          0          0          0          0         80   dscalb.o

    ----------------------------------------------------------------------
      1214         26          0          0          0       1132   Library Totals
         4          0          0          0          0          0   (incl. Padding)

    ----------------------------------------------------------------------

      Code (inc. data)   RO Data    RW Data    ZI Data      Debug   Library Name

       902         26          0          0          0        724   mc_w.l
       308          0          0          0          0        408   mf_w.l

    ----------------------------------------------------------------------
      1214         26          0          0          0       1132   Library Totals

    ----------------------------------------------------------------------

==============================================================================


      Code (inc. data)   RO Data    RW Data    ZI Data      Debug   

     14714        734       1766         80      11032     531122   Grand Totals
     14714        734       1766         80      11032     531122   ELF Image Totals
     14714        734       1766         80          0          0   ROM Totals

==============================================================================

    Total RO  Size (Code + RO Data)                16480 (  16.09kB)
    Total RW  Size (RW Data + ZI Data)             11112 (  10.85kB)
    Total ROM Size (Code + RO Data + RW Data)      16560 (  16.17kB)

==============================================================================

